Archive member included to satisfy reference by file (symbol)

c:/program files/gnu tools arm embedded/5.3 2016q1/bin/../lib/gcc/arm-none-eabi/5.3.1/armv7e-m/fpu\libgcc.a(_arm_addsubdf3.o)
                              ..\obj\main.o (__aeabi_dsub)
c:/program files/gnu tools arm embedded/5.3 2016q1/bin/../lib/gcc/arm-none-eabi/5.3.1/armv7e-m/fpu\libgcc.a(_arm_truncdfsf2.o)
                              ..\obj\main.o (__aeabi_d2f)

Allocating common symbols
Common symbol       size              file

WS2812_LED_BUF      0x183             ..\obj\ws2812.o
sandCol             0x3               ..\obj\main.o
calcMatrix          0x4800            ..\obj\init.o
debounceCount       0x4               ..\obj\init.o
ws2812_dma_status   0x4               ..\obj\ws2812.o
WS2812_TIMER_BUF    0x1890            ..\obj\ws2812.o

Discarded input sections

 .data          0x00000000        0x0 ..\obj\stm32f4xx_gpio.o
 .bss           0x00000000        0x0 ..\obj\stm32f4xx_gpio.o
 .data          0x00000000        0x0 ..\obj\startup_stm32f4xx.o
 .bss           0x00000000        0x0 ..\obj\startup_stm32f4xx.o
 .data          0x00000000        0x0 ..\obj\stm32f4xx_dma.o
 .bss           0x00000000        0x0 ..\obj\stm32f4xx_dma.o
 .bss           0x00000000        0x0 ..\obj\stm32f4xx_rcc.o
 .text          0x00000000      0x110 ..\obj\stm32f4xx_pwr.o
 .data          0x00000000        0x0 ..\obj\stm32f4xx_pwr.o
 .bss           0x00000000        0x0 ..\obj\stm32f4xx_pwr.o
 .debug_info    0x00000000      0x55a ..\obj\stm32f4xx_pwr.o
 .debug_abbrev  0x00000000      0x1bf ..\obj\stm32f4xx_pwr.o
 .debug_loc     0x00000000      0x111 ..\obj\stm32f4xx_pwr.o
 .debug_aranges
                0x00000000       0x20 ..\obj\stm32f4xx_pwr.o
 .debug_line    0x00000000      0x2a3 ..\obj\stm32f4xx_pwr.o
 .debug_str     0x00000000      0x3bd ..\obj\stm32f4xx_pwr.o
 .comment       0x00000000       0x6f ..\obj\stm32f4xx_pwr.o
 .debug_frame   0x00000000       0xe8 ..\obj\stm32f4xx_pwr.o
 .ARM.attributes
                0x00000000       0x39 ..\obj\stm32f4xx_pwr.o
 .data          0x00000000        0x0 ..\obj\ws2812.o
 .bss           0x00000000        0x0 ..\obj\ws2812.o
 .text          0x00000000      0x3ac ..\obj\stm32f4xx_spi.o
 .data          0x00000000        0x0 ..\obj\stm32f4xx_spi.o
 .bss           0x00000000        0x0 ..\obj\stm32f4xx_spi.o
 .debug_info    0x00000000      0xbc4 ..\obj\stm32f4xx_spi.o
 .debug_abbrev  0x00000000      0x1c0 ..\obj\stm32f4xx_spi.o
 .debug_loc     0x00000000      0x665 ..\obj\stm32f4xx_spi.o
 .debug_aranges
                0x00000000       0x20 ..\obj\stm32f4xx_spi.o
 .debug_line    0x00000000      0x36e ..\obj\stm32f4xx_spi.o
 .debug_str     0x00000000      0x6cd ..\obj\stm32f4xx_spi.o
 .comment       0x00000000       0x6f ..\obj\stm32f4xx_spi.o
 .debug_frame   0x00000000      0x200 ..\obj\stm32f4xx_spi.o
 .ARM.attributes
                0x00000000       0x39 ..\obj\stm32f4xx_spi.o
 .data          0x00000000        0x0 ..\obj\stm32f4xx_exti.o
 .bss           0x00000000        0x0 ..\obj\stm32f4xx_exti.o
 .bss           0x00000000        0x0 ..\obj\system_stm32f4xx.o
 .data          0x00000000        0x0 ..\obj\misc.o
 .bss           0x00000000        0x0 ..\obj\misc.o
 .text          0x00000000       0x4c ..\obj\syscalls.o
 .data          0x00000000        0x0 ..\obj\syscalls.o
 .bss           0x00000000        0x4 ..\obj\syscalls.o
 .debug_info    0x00000000      0x3cf ..\obj\syscalls.o
 .debug_abbrev  0x00000000      0x147 ..\obj\syscalls.o
 .debug_loc     0x00000000       0xe7 ..\obj\syscalls.o
 .debug_aranges
                0x00000000       0x20 ..\obj\syscalls.o
 .debug_line    0x00000000      0x101 ..\obj\syscalls.o
 .debug_str     0x00000000      0x2f7 ..\obj\syscalls.o
 .comment       0x00000000       0x6f ..\obj\syscalls.o
 .debug_frame   0x00000000       0xa0 ..\obj\syscalls.o
 .ARM.attributes
                0x00000000       0x39 ..\obj\syscalls.o
 .data          0x00000000        0x0 ..\obj\init.o
 .bss           0x00000000        0x0 ..\obj\init.o
 .data          0x00000000        0x0 ..\obj\stm32f4xx_tim.o
 .bss           0x00000000        0x0 ..\obj\stm32f4xx_tim.o
 .text          0x00000000      0xc70 ..\obj\stm32f4xx_rtc.o
 .data          0x00000000        0x0 ..\obj\stm32f4xx_rtc.o
 .bss           0x00000000        0x0 ..\obj\stm32f4xx_rtc.o
 .debug_info    0x00000000     0x13d4 ..\obj\stm32f4xx_rtc.o
 .debug_abbrev  0x00000000      0x265 ..\obj\stm32f4xx_rtc.o
 .debug_loc     0x00000000     0x12fc ..\obj\stm32f4xx_rtc.o
 .debug_aranges
                0x00000000       0x20 ..\obj\stm32f4xx_rtc.o
 .debug_ranges  0x00000000       0xc0 ..\obj\stm32f4xx_rtc.o
 .debug_line    0x00000000      0x78a ..\obj\stm32f4xx_rtc.o
 .debug_str     0x00000000      0xb5d ..\obj\stm32f4xx_rtc.o
 .comment       0x00000000       0x6f ..\obj\stm32f4xx_rtc.o
 .debug_frame   0x00000000      0x4e4 ..\obj\stm32f4xx_rtc.o
 .ARM.attributes
                0x00000000       0x39 ..\obj\stm32f4xx_rtc.o
 .data          0x00000000        0x0 ..\obj\stm32f4xx_syscfg.o
 .bss           0x00000000        0x0 ..\obj\stm32f4xx_syscfg.o
 .data          0x00000000        0x0 c:/program files/gnu tools arm embedded/5.3 2016q1/bin/../lib/gcc/arm-none-eabi/5.3.1/armv7e-m/fpu\libgcc.a(_arm_addsubdf3.o)
 .bss           0x00000000        0x0 c:/program files/gnu tools arm embedded/5.3 2016q1/bin/../lib/gcc/arm-none-eabi/5.3.1/armv7e-m/fpu\libgcc.a(_arm_addsubdf3.o)
 .data          0x00000000        0x0 c:/program files/gnu tools arm embedded/5.3 2016q1/bin/../lib/gcc/arm-none-eabi/5.3.1/armv7e-m/fpu\libgcc.a(_arm_truncdfsf2.o)
 .bss           0x00000000        0x0 c:/program files/gnu tools arm embedded/5.3 2016q1/bin/../lib/gcc/arm-none-eabi/5.3.1/armv7e-m/fpu\libgcc.a(_arm_truncdfsf2.o)

Memory Configuration

Name             Origin             Length             Attributes
rom              0x08000000         0x00100000         xr
ram              0x20000000         0x00020000         xrw
ram1             0x10000000         0x00010000         xrw
*default*        0x00000000         0xffffffff

Linker script and memory map

                0x20020000                _eram = 0x20020000

.text           0x08000000     0x34b4
 *(.isr_vector)
 .isr_vector    0x08000000      0x188 ..\obj\startup_stm32f4xx.o
                0x08000000                g_pfnVectors
 *(.text*)
 .text          0x08000188      0x268 ..\obj\stm32f4xx_gpio.o
                0x08000188                GPIO_DeInit
                0x080002a0                GPIO_Init
                0x08000344                GPIO_StructInit
                0x08000358                GPIO_PinLockConfig
                0x0800037c                GPIO_ReadInputDataBit
                0x08000388                GPIO_ReadInputData
                0x08000390                GPIO_ReadOutputDataBit
                0x0800039c                GPIO_ReadOutputData
                0x080003a4                GPIO_SetBits
                0x080003a8                GPIO_ResetBits
                0x080003ac                GPIO_WriteBit
                0x080003b8                GPIO_Write
                0x080003bc                GPIO_ToggleBits
                0x080003c4                GPIO_PinAFConfig
 .text          0x080003f0       0x60 ..\obj\startup_stm32f4xx.o
                0x080003f0                RTC_Alarm_IRQHandler
                0x080003f0                HASH_RNG_IRQHandler
                0x080003f0                TIM8_CC_IRQHandler
                0x080003f0                DebugMon_Handler
                0x080003f0                TIM1_CC_IRQHandler
                0x080003f0                DMA2_Stream5_IRQHandler
                0x080003f0                HardFault_Handler
                0x080003f0                DMA1_Stream5_IRQHandler
                0x080003f0                SysTick_Handler
                0x080003f0                PVD_IRQHandler
                0x080003f0                SDIO_IRQHandler
                0x080003f0                TAMP_STAMP_IRQHandler
                0x080003f0                PendSV_Handler
                0x080003f0                NMI_Handler
                0x080003f0                CAN2_RX1_IRQHandler
                0x080003f0                TIM8_TRG_COM_TIM14_IRQHandler
                0x080003f0                TIM1_UP_TIM10_IRQHandler
                0x080003f0                TIM8_UP_TIM13_IRQHandler
                0x080003f0                I2C3_ER_IRQHandler
                0x080003f0                I2C2_EV_IRQHandler
                0x080003f0                DMA1_Stream2_IRQHandler
                0x080003f0                CAN1_RX0_IRQHandler
                0x080003f0                FPU_IRQHandler
                0x080003f0                OTG_HS_WKUP_IRQHandler
                0x080003f0                UsageFault_Handler
                0x080003f0                CAN2_SCE_IRQHandler
                0x080003f0                DMA2_Stream2_IRQHandler
                0x080003f0                SPI1_IRQHandler
                0x080003f0                TIM6_DAC_IRQHandler
                0x080003f0                TIM1_BRK_TIM9_IRQHandler
                0x080003f0                DCMI_IRQHandler
                0x080003f0                CAN2_RX0_IRQHandler
                0x080003f0                DMA2_Stream3_IRQHandler
                0x080003f0                USART6_IRQHandler
                0x080003f0                USART3_IRQHandler
                0x080003f0                CRYP_IRQHandler
                0x080003f0                DMA2_Stream6_IRQHandler
                0x080003f0                CAN1_RX1_IRQHandler
                0x080003f0                UART5_IRQHandler
                0x080003f0                DMA2_Stream0_IRQHandler
                0x080003f0                TIM4_IRQHandler
                0x080003f0                I2C1_EV_IRQHandler
                0x080003f0                DMA1_Stream6_IRQHandler
                0x080003f0                DMA1_Stream1_IRQHandler
                0x080003f0                UART4_IRQHandler
                0x080003f0                TIM3_IRQHandler
                0x080003f0                RCC_IRQHandler
                0x080003f0                TIM8_BRK_TIM12_IRQHandler
                0x080003f0                EXTI15_10_IRQHandler
                0x080003f0                ADC_IRQHandler
                0x080003f0                I2C1_ER_IRQHandler
                0x080003f0                DMA1_Stream7_IRQHandler
                0x080003f0                TIM7_IRQHandler
                0x080003f0                CAN2_TX_IRQHandler
                0x080003f0                TIM5_IRQHandler
                0x080003f0                DMA2_Stream7_IRQHandler
                0x080003f0                I2C3_EV_IRQHandler
                0x080003f0                EXTI9_5_IRQHandler
                0x080003f0                RTC_WKUP_IRQHandler
                0x080003f0                ETH_WKUP_IRQHandler
                0x080003f0                SPI2_IRQHandler
                0x080003f0                OTG_HS_EP1_IN_IRQHandler
                0x080003f0                MemManage_Handler
                0x080003f0                DMA1_Stream0_IRQHandler
                0x080003f0                CAN1_TX_IRQHandler
                0x080003f0                SVC_Handler
                0x080003f0                EXTI4_IRQHandler
                0x080003f0                FSMC_IRQHandler
                0x080003f0                ETH_IRQHandler
                0x080003f0                OTG_HS_EP1_OUT_IRQHandler
                0x080003f0                WWDG_IRQHandler
                0x080003f0                OTG_FS_WKUP_IRQHandler
                0x080003f0                TIM1_TRG_COM_TIM11_IRQHandler
                0x080003f0                OTG_HS_IRQHandler
                0x080003f0                USART2_IRQHandler
                0x080003f0                I2C2_ER_IRQHandler
                0x080003f0                DMA2_Stream1_IRQHandler
                0x080003f0                CAN1_SCE_IRQHandler
                0x080003f0                FLASH_IRQHandler
                0x080003f0                DMA2_Stream4_IRQHandler
                0x080003f0                BusFault_Handler
                0x080003f0                USART1_IRQHandler
                0x080003f0                OTG_FS_IRQHandler
                0x080003f0                SPI3_IRQHandler
                0x080003f0                DMA1_Stream3_IRQHandler
                0x080003f4                Reset_Handler
                0x080003f4                Default_Reset_Handler
 .text          0x08000450      0x348 ..\obj\stm32f4xx_dma.o
                0x08000450                DMA_DeInit
                0x08000580                DMA_Init
                0x080005d8                DMA_StructInit
                0x080005fc                DMA_Cmd
                0x08000610                DMA_PeriphIncOffsetSizeConfig
                0x08000624                DMA_FlowControllerConfig
                0x08000638                DMA_SetCurrDataCounter
                0x0800063c                DMA_GetCurrDataCounter
                0x08000644                DMA_DoubleBufferModeConfig
                0x0800065c                DMA_DoubleBufferModeCmd
                0x08000670                DMA_MemoryTargetConfig
                0x0800067c                DMA_GetCurrentMemoryTarget
                0x08000684                DMA_GetCmdStatus
                0x0800068c                DMA_GetFIFOStatus
                0x08000694                DMA_GetFlagStatus
                0x080006d0                DMA_ITConfig
                0x08000710                DMA_GetITStatus
                0x08000760                DMA_ClearITPendingBit
                0x08000794                DMA_ClearFlag
 .text          0x08000798      0x4b8 ..\obj\stm32f4xx_rcc.o
                0x08000798                RCC_DeInit
                0x080007cc                RCC_HSEConfig
                0x080007dc                RCC_WaitForHSEStartUp
                0x08000810                RCC_AdjustHSICalibrationValue
                0x08000824                RCC_HSICmd
                0x08000830                RCC_LSEConfig
                0x08000850                RCC_LSICmd
                0x0800085c                RCC_PLLConfig
                0x08000880                RCC_PLLCmd
                0x0800088c                RCC_PLLI2SConfig
                0x080008a0                RCC_PLLI2SCmd
                0x080008ac                RCC_ClockSecuritySystemCmd
                0x080008b8                RCC_MCO1Config
                0x080008cc                RCC_MCO2Config
                0x080008e0                RCC_SYSCLKConfig
                0x080008f4                RCC_GetSYSCLKSource
                0x08000904                RCC_HCLKConfig
                0x08000918                RCC_PCLK1Config
                0x0800092c                RCC_PCLK2Config
                0x08000940                RCC_GetClocksFreq
                0x080009d8                RCC_RTCCLKConfig
                0x08000a08                RCC_RTCCLKCmd
                0x08000a14                RCC_BackupResetCmd
                0x08000a20                RCC_I2SCLKConfig
                0x08000a2c                RCC_AHB1PeriphClockCmd
                0x08000a48                RCC_AHB2PeriphClockCmd
                0x08000a64                RCC_AHB3PeriphClockCmd
                0x08000a80                RCC_APB1PeriphClockCmd
                0x08000a9c                RCC_APB2PeriphClockCmd
                0x08000ab8                RCC_AHB1PeriphResetCmd
                0x08000ad4                RCC_AHB2PeriphResetCmd
                0x08000af0                RCC_AHB3PeriphResetCmd
                0x08000b0c                RCC_APB1PeriphResetCmd
                0x08000b28                RCC_APB2PeriphResetCmd
                0x08000b44                RCC_AHB1PeriphClockLPModeCmd
                0x08000b60                RCC_AHB2PeriphClockLPModeCmd
                0x08000b7c                RCC_AHB3PeriphClockLPModeCmd
                0x08000b98                RCC_APB1PeriphClockLPModeCmd
                0x08000bb4                RCC_APB2PeriphClockLPModeCmd
                0x08000bd0                RCC_ITConfig
                0x08000bec                RCC_GetFlagStatus
                0x08000c20                RCC_ClearFlag
                0x08000c30                RCC_GetITStatus
                0x08000c44                RCC_ClearITPendingBit
 .text          0x08000c50      0x378 ..\obj\ws2812.o
                0x08000c50                p_ws2812_init_io
                0x08000c98                p_ws2812_init_timer
                0x08000d04                p_ws2812_clear_buf
                0x08000d1c                p_ws2812_init_NVIC
                0x08000d54                p_ws2812_init_DMA
                0x08000dc0                p_ws2812_DMA_start
                0x08000df4                ws2812_init
                0x08000e58                p_ws2812_calc_timer_buf
                0x08000f70                ws2812_refresh
                0x08000f8c                DMA1_Stream4_IRQHandler
 .text          0x08000fc8      0x100 ..\obj\stm32f4xx_exti.o
                0x08000fc8                EXTI_DeInit
                0x08000fe4                EXTI_Init
                0x08001060                EXTI_StructInit
                0x08001070                EXTI_GenerateSWInterrupt
                0x08001080                EXTI_GetFlagStatus
                0x08001094                EXTI_ClearFlag
                0x080010a0                EXTI_GetITStatus
                0x080010bc                EXTI_ClearITPendingBit
 .text          0x080010c8      0x174 ..\obj\system_stm32f4xx.o
                0x080010c8                SystemInit
                0x080011c8                SystemCoreClockUpdate
 .text          0x0800123c       0xc8 ..\obj\misc.o
                0x0800123c                NVIC_PriorityGroupConfig
                0x08001250                NVIC_Init
                0x080012c0                NVIC_SetVectorTable
                0x080012d4                NVIC_SystemLPConfig
                0x080012ec                SysTick_CLKSourceConfig
 .text          0x08001304      0x370 ..\obj\init.o
                0x08001304                InitGpioD
                0x08001420                InitTimer
                0x080014a4                EnableTimerInterrupt
                0x080014cc                InitPWM
                0x08001500                InitSPI
                0x08001560                initMatrix
 .text          0x08001674      0xdb4 ..\obj\stm32f4xx_tim.o
                0x08001674                TIM_DeInit
                0x0800182c                TIM_TimeBaseInit
                0x080018c4                TIM_TimeBaseStructInit
                0x080018d8                TIM_PrescalerConfig
                0x080018e0                TIM_CounterModeConfig
                0x080018f0                TIM_SetCounter
                0x080018f4                TIM_SetAutoreload
                0x080018f8                TIM_GetCounter
                0x080018fc                TIM_GetPrescaler
                0x08001904                TIM_UpdateDisableConfig
                0x08001920                TIM_UpdateRequestConfig
                0x0800193c                TIM_ARRPreloadConfig
                0x08001958                TIM_SelectOnePulseMode
                0x08001970                TIM_SetClockDivision
                0x08001988                TIM_Cmd
                0x080019a4                TIM_OC1Init
                0x08001a24                TIM_OC2Init
                0x08001ab4                TIM_OC3Init
                0x08001b40                TIM_OC4Init
                0x08001bb4                TIM_OCStructInit
                0x08001bc8                TIM_SelectOCxM
                0x08001c18                TIM_SetCompare1
                0x08001c1c                TIM_SetCompare2
                0x08001c20                TIM_SetCompare3
                0x08001c24                TIM_SetCompare4
                0x08001c28                TIM_ForcedOC1Config
                0x08001c38                TIM_ForcedOC2Config
                0x08001c4c                TIM_ForcedOC3Config
                0x08001c5c                TIM_ForcedOC4Config
                0x08001c70                TIM_OC1PreloadConfig
                0x08001c80                TIM_OC2PreloadConfig
                0x08001c94                TIM_OC3PreloadConfig
                0x08001ca4                TIM_OC4PreloadConfig
                0x08001cb8                TIM_OC1FastConfig
                0x08001cc8                TIM_OC2FastConfig
                0x08001cdc                TIM_OC3FastConfig
                0x08001cec                TIM_OC4FastConfig
                0x08001d00                TIM_ClearOC1Ref
                0x08001d10                TIM_ClearOC2Ref
                0x08001d20                TIM_ClearOC3Ref
                0x08001d30                TIM_ClearOC4Ref
                0x08001d40                TIM_OC1PolarityConfig
                0x08001d50                TIM_OC1NPolarityConfig
                0x08001d60                TIM_OC2PolarityConfig
                0x08001d74                TIM_OC2NPolarityConfig
                0x08001d88                TIM_OC3PolarityConfig
                0x08001d9c                TIM_OC3NPolarityConfig
                0x08001db0                TIM_OC4PolarityConfig
                0x08001dc4                TIM_CCxCmd
                0x08001de4                TIM_CCxNCmd
                0x08001e04                TIM_ICInit
                0x08001f6c                TIM_ICStructInit
                0x08001f7c                TIM_PWMIConfig
                0x080020d4                TIM_GetCapture1
                0x080020d8                TIM_GetCapture2
                0x080020dc                TIM_GetCapture3
                0x080020e0                TIM_GetCapture4
                0x080020e4                TIM_SetIC1Prescaler
                0x080020fc                TIM_SetIC2Prescaler
                0x08002118                TIM_SetIC3Prescaler
                0x08002130                TIM_SetIC4Prescaler
                0x0800214c                TIM_BDTRConfig
                0x08002174                TIM_BDTRStructInit
                0x08002188                TIM_CtrlPWMOutputs
                0x080021a8                TIM_SelectCOM
                0x080021c4                TIM_CCPreloadControl
                0x080021e0                TIM_GenerateEvent
                0x080021e4                TIM_GetFlagStatus
                0x080021f0                TIM_ClearFlag
                0x080021f8                TIM_GetITStatus
                0x08002210                TIM_ClearITPendingBit
                0x08002218                TIM_DMAConfig
                0x08002220                TIM_DMACmd
                0x08002234                TIM_ITConfig
                0x08002238                TIM_SelectCCDMA
                0x08002254                TIM_InternalClockConfig
                0x08002264                TIM_ITRxExternalClockConfig
                0x08002280                TIM_TIxExternalClockConfig
                0x08002308                TIM_ETRClockMode1Config
                0x08002330                TIM_ETRClockMode2Config
                0x08002354                TIM_SelectInputTrigger
                0x08002364                TIM_SelectOutputTrigger
                0x0800237c                TIM_SelectSlaveMode
                0x08002394                TIM_SelectMasterSlaveMode
                0x080023ac                TIM_ETRConfig
                0x080023c4                TIM_EncoderInterfaceConfig
                0x08002404                TIM_SelectHallSensor
                0x08002420                TIM_RemapConfig
 .text          0x08002428      0x86c ..\obj\sand.o
                0x08002428                sandToWS2812
                0x080025dc                p_probability
                0x08002638                p_myRand
                0x08002664                p_positive
                0x0800266c                p_pseudoCos
                0x080026a8                gravity
                0x080028ac                p_min
                0x080028b4                p_countBits
                0x080028ec                p_countValues
                0x0800293c                p_changeValues
                0x080029a8                p_getRelevantValue
                0x080029b4                p_getBitMask
                0x080029c0                p_fallingSandLine
                0x08002ad8                sandFlow
                0x08002c70                p_setLineValue
 .text          0x08002c94       0x80 ..\obj\stm32f4xx_syscfg.o
                0x08002c94                SYSCFG_DeInit
                0x08002cb0                SYSCFG_MemoryRemapConfig
                0x08002cbc                SYSCFG_EXTILineConfig
                0x08002cec                SYSCFG_ETH_MediaInterfaceConfig
                0x08002cf8                SYSCFG_CompensationCellCmd
                0x08002d04                SYSCFG_GetCompensationCellStatus
 *fill*         0x08002d14        0x4 
 .text          0x08002d18      0x2bc ..\obj\main.o
                0x08002d18                sendSettings
                0x08002d30                TIM2_IRQHandler
                0x08002e78                EXTI0_IRQHandler
                0x08002ebc                EXTI1_IRQHandler
                0x08002f00                EXTI2_IRQHandler
                0x08002f44                EXTI3_IRQHandler
                0x08002f88                handleButton
                0x08002fac                setServo
 .text.startup  0x08002fd4       0xd0 ..\obj\main.o
                0x08002fd4                main
 .text          0x080030a4      0x370 c:/program files/gnu tools arm embedded/5.3 2016q1/bin/../lib/gcc/arm-none-eabi/5.3.1/armv7e-m/fpu\libgcc.a(_arm_addsubdf3.o)
                0x080030a4                __aeabi_drsub
                0x080030ac                __aeabi_dsub
                0x080030ac                __subdf3
                0x080030b0                __aeabi_dadd
                0x080030b0                __adddf3
                0x08003328                __floatunsidf
                0x08003328                __aeabi_ui2d
                0x08003348                __floatsidf
                0x08003348                __aeabi_i2d
                0x0800336c                __aeabi_f2d
                0x0800336c                __extendsfdf2
                0x080033a8                __floatundidf
                0x080033a8                __aeabi_ul2d
                0x080033b8                __floatdidf
                0x080033b8                __aeabi_l2d
 .text          0x08003414       0xa0 c:/program files/gnu tools arm embedded/5.3 2016q1/bin/../lib/gcc/arm-none-eabi/5.3.1/armv7e-m/fpu\libgcc.a(_arm_truncdfsf2.o)
                0x08003414                __truncdfsf2
                0x08003414                __aeabi_d2f
 *(.init)
 *(.fini)
 *crtbegin.o(.ctors)
 *crtbegin?.o(.ctors)
 *(EXCLUDE_FILE(*crtend.o *crtend?.o) .ctors)
 *(SORT(.ctors.*))
 *(.ctors)
 *crtbegin.o(.dtors)
 *crtbegin?.o(.dtors)
 *(EXCLUDE_FILE(*crtend.o *crtend?.o) .dtors)
 *(SORT(.dtors.*))
 *(.dtors)
 *(.rodata*)
 *(.eh_fram e*)

.glue_7         0x080034b4        0x0
 .glue_7        0x080034b4        0x0 linker stubs

.glue_7t        0x080034b4        0x0
 .glue_7t       0x080034b4        0x0 linker stubs

.vfp11_veneer   0x080034b4        0x0
 .vfp11_veneer  0x080034b4        0x0 linker stubs

.v4_bx          0x080034b4        0x0
 .v4_bx         0x080034b4        0x0 linker stubs

.iplt           0x080034b4        0x0
 .iplt          0x080034b4        0x0 ..\obj\stm32f4xx_gpio.o

.rel.dyn        0x080034b4        0x0
 .rel.iplt      0x080034b4        0x0 ..\obj\stm32f4xx_gpio.o

.ARM.extab
 *(.ARM.extab* .gnu.linkonce.armextab.*)
                0x080034b4                __exidx_start = .

.ARM.exidx
 *(.ARM.exidx* .gnu.linkonce.armexidx.*)
                0x080034b4                __exidx_end = .
                0x080034b4                __etext = .
                0x080034b4                _sidata = __etext

.data           0x20000000      0x1a8 load address 0x080034b4
                0x20000000                __data_start__ = .
                0x20000000                _sdata = __data_start__
 *(vtable)
 *(.data*)
 .data          0x20000000       0x10 ..\obj\stm32f4xx_rcc.o
 .data          0x20000010       0x14 ..\obj\system_stm32f4xx.o
                0x20000010                AHBPrescTable
                0x20000020                SystemCoreClock
 .data          0x20000024      0x178 ..\obj\sand.o
                0x20000024                rand_x
                0x20000028                rand_y
                0x2000002c                rand_z
                0x20000030                rand_w
                0x20000034                tangens
 .data          0x2000019c        0xc ..\obj\main.o
                0x2000019c                ratio
                0x200001a0                state
                0x200001a4                filter
                0x200001a8                . = ALIGN (0x4)
                [!provide]                PROVIDE (__preinit_array_start, .)
 *(.preinit_array)
                [!provide]                PROVIDE (__preinit_array_end, .)
                0x200001a8                . = ALIGN (0x4)
                [!provide]                PROVIDE (__init_array_start, .)
 *(SORT(.init_array.*))
 *(.init_array)
                [!provide]                PROVIDE (__init_array_end, .)
                0x200001a8                . = ALIGN (0x4)
                [!provide]                PROVIDE (__fini_array_start, .)
 *(SORT(.fini_array.*))
 *(.fini_array)
                [!provide]                PROVIDE (__fini_array_end, .)
 *(.jcr*)
                0x200001a8                . = ALIGN (0x4)
                0x200001a8                __data_end__ = .
                0x200001a8                _edata = __data_end__

.igot.plt       0x200001a8        0x0 load address 0x0800365c
 .igot.plt      0x200001a8        0x0 ..\obj\stm32f4xx_gpio.o

.bss            0x200001a8     0x63c0 load address 0x0800365c
                0x200001a8                . = ALIGN (0x4)
                0x200001a8                __bss_start__ = .
                0x200001a8                _sbss = __bss_start__
 *(.bss*)
 .bss           0x200001a8        0x8 ..\obj\sand.o
                0x200001a8                sandCount0
                0x200001ac                sandCount1
 .bss           0x200001b0      0x198 ..\obj\main.o
                0x200001b0                angle
                0x20000340                calcOrNot
                0x20000344                anim_count
 *(COMMON)
 COMMON         0x20000348     0x1a18 ..\obj\ws2812.o
                0x20000348                WS2812_LED_BUF
                0x200004cc                ws2812_dma_status
                0x200004d0                WS2812_TIMER_BUF
 COMMON         0x20001d60     0x4804 ..\obj\init.o
                0x20001d60                calcMatrix
                0x20006560                debounceCount
 COMMON         0x20006564        0x3 ..\obj\main.o
                0x20006564                sandCol
                0x20006568                . = ALIGN (0x4)
 *fill*         0x20006567        0x1 
                0x20006568                __bss_end__ = .
                0x20006568                _ebss = __bss_end__

.heap           0x20006568        0x0
                0x20006568                __end__ = .
                0x20006568                _end = __end__
                0x20006568                end = __end__
 *(.heap*)
                0x20006568                __HeapLimit = .

.co_stack       0x20006568      0x800 load address 0x08009a1c
                0x20006568                . = ALIGN (0x8)
 *(.co_stack .co_stack.*)
 .co_stack      0x20006568      0x800 ..\obj\startup_stm32f4xx.o
                0x20006568                pulStack
                0x20020000                __StackTop = (ORIGIN (ram) + LENGTH (ram))
                0x2001f800                __StackLimit = (__StackTop - SIZEOF (.co_stack))
                [!provide]                PROVIDE (__stack, __StackTop)
                0x00000001                ASSERT ((__StackLimit >= __HeapLimit), region ram  overflowed with stack)
LOAD ..\obj\stm32f4xx_gpio.o
LOAD ..\obj\startup_stm32f4xx.o
LOAD ..\obj\stm32f4xx_dma.o
LOAD ..\obj\stm32f4xx_rcc.o
LOAD ..\obj\stm32f4xx_pwr.o
LOAD ..\obj\ws2812.o
LOAD ..\obj\stm32f4xx_spi.o
LOAD ..\obj\stm32f4xx_exti.o
LOAD ..\obj\system_stm32f4xx.o
LOAD ..\obj\misc.o
LOAD ..\obj\syscalls.o
LOAD ..\obj\init.o
LOAD ..\obj\stm32f4xx_tim.o
LOAD ..\obj\stm32f4xx_rtc.o
LOAD ..\obj\sand.o
LOAD ..\obj\stm32f4xx_syscfg.o
LOAD ..\obj\main.o
START GROUP
LOAD c:/program files/gnu tools arm embedded/5.3 2016q1/bin/../lib/gcc/arm-none-eabi/5.3.1/armv7e-m/fpu\libgcc.a
LOAD c:/program files/gnu tools arm embedded/5.3 2016q1/bin/../lib/gcc/arm-none-eabi/5.3.1/../../../../arm-none-eabi/lib/armv7e-m/fpu\libg.a
LOAD c:/program files/gnu tools arm embedded/5.3 2016q1/bin/../lib/gcc/arm-none-eabi/5.3.1/../../../../arm-none-eabi/lib/armv7e-m/fpu\libc.a
END GROUP
OUTPUT(uhrDesSandes.elf elf32-littlearm)

.debug_info     0x00000000     0x87e6
 .debug_info    0x00000000      0x7db ..\obj\stm32f4xx_gpio.o
 .debug_info    0x000007db      0x104 ..\obj\startup_stm32f4xx.o
 .debug_info    0x000008df      0x6fe ..\obj\stm32f4xx_dma.o
 .debug_info    0x00000fdd      0xd0d ..\obj\stm32f4xx_rcc.o
 .debug_info    0x00001cea      0xe8f ..\obj\ws2812.o
 .debug_info    0x00002b79      0x349 ..\obj\stm32f4xx_exti.o
 .debug_info    0x00002ec2      0x5e6 ..\obj\system_stm32f4xx.o
 .debug_info    0x000034a8      0x55c ..\obj\misc.o
 .debug_info    0x00003a04      0xeae ..\obj\init.o
 .debug_info    0x000048b2     0x248c ..\obj\stm32f4xx_tim.o
 .debug_info    0x00006d3e      0xc9f ..\obj\sand.o
 .debug_info    0x000079dd      0x2b6 ..\obj\stm32f4xx_syscfg.o
 .debug_info    0x00007c93      0xb53 ..\obj\main.o

.debug_abbrev   0x00000000     0x1895
 .debug_abbrev  0x00000000      0x1f3 ..\obj\stm32f4xx_gpio.o
 .debug_abbrev  0x000001f3       0xdf ..\obj\startup_stm32f4xx.o
 .debug_abbrev  0x000002d2      0x175 ..\obj\stm32f4xx_dma.o
 .debug_abbrev  0x00000447      0x297 ..\obj\stm32f4xx_rcc.o
 .debug_abbrev  0x000006de      0x22b ..\obj\ws2812.o
 .debug_abbrev  0x00000909      0x1d9 ..\obj\stm32f4xx_exti.o
 .debug_abbrev  0x00000ae2      0x15f ..\obj\system_stm32f4xx.o
 .debug_abbrev  0x00000c41      0x156 ..\obj\misc.o
 .debug_abbrev  0x00000d97      0x1c8 ..\obj\init.o
 .debug_abbrev  0x00000f5f      0x27f ..\obj\stm32f4xx_tim.o
 .debug_abbrev  0x000011de      0x2d3 ..\obj\sand.o
 .debug_abbrev  0x000014b1      0x162 ..\obj\stm32f4xx_syscfg.o
 .debug_abbrev  0x00001613      0x282 ..\obj\main.o

.debug_loc      0x00000000     0x4da0
 .debug_loc     0x00000000      0x3a0 ..\obj\stm32f4xx_gpio.o
 .debug_loc     0x000003a0       0x2b ..\obj\startup_stm32f4xx.o
 .debug_loc     0x000003cb      0x424 ..\obj\stm32f4xx_dma.o
 .debug_loc     0x000007ef      0xb54 ..\obj\stm32f4xx_rcc.o
 .debug_loc     0x00001343      0x116 ..\obj\ws2812.o
 .debug_loc     0x00001459      0x1dc ..\obj\stm32f4xx_exti.o
 .debug_loc     0x00001635      0x13b ..\obj\system_stm32f4xx.o
 .debug_loc     0x00001770      0x186 ..\obj\misc.o
 .debug_loc     0x000018f6      0x10f ..\obj\init.o
 .debug_loc     0x00001a05     0x2086 ..\obj\stm32f4xx_tim.o
 .debug_loc     0x00003a8b     0x1095 ..\obj\sand.o
 .debug_loc     0x00004b20       0xa6 ..\obj\stm32f4xx_syscfg.o
 .debug_loc     0x00004bc6      0x1da ..\obj\main.o

.debug_aranges  0x00000000      0x1a8
 .debug_aranges
                0x00000000       0x20 ..\obj\stm32f4xx_gpio.o
 .debug_aranges
                0x00000020       0x20 ..\obj\startup_stm32f4xx.o
 .debug_aranges
                0x00000040       0x20 ..\obj\stm32f4xx_dma.o
 .debug_aranges
                0x00000060       0x20 ..\obj\stm32f4xx_rcc.o
 .debug_aranges
                0x00000080       0x20 ..\obj\ws2812.o
 .debug_aranges
                0x000000a0       0x20 ..\obj\stm32f4xx_exti.o
 .debug_aranges
                0x000000c0       0x20 ..\obj\system_stm32f4xx.o
 .debug_aranges
                0x000000e0       0x20 ..\obj\misc.o
 .debug_aranges
                0x00000100       0x20 ..\obj\init.o
 .debug_aranges
                0x00000120       0x20 ..\obj\stm32f4xx_tim.o
 .debug_aranges
                0x00000140       0x20 ..\obj\sand.o
 .debug_aranges
                0x00000160       0x20 ..\obj\stm32f4xx_syscfg.o
 .debug_aranges
                0x00000180       0x28 ..\obj\main.o

.debug_line     0x00000000     0x2aa4
 .debug_line    0x00000000      0x319 ..\obj\stm32f4xx_gpio.o
 .debug_line    0x00000319       0x90 ..\obj\startup_stm32f4xx.o
 .debug_line    0x000003a9      0x370 ..\obj\stm32f4xx_dma.o
 .debug_line    0x00000719      0x393 ..\obj\stm32f4xx_rcc.o
 .debug_line    0x00000aac      0x38e ..\obj\ws2812.o
 .debug_line    0x00000e3a      0x276 ..\obj\stm32f4xx_exti.o
 .debug_line    0x000010b0      0x1f3 ..\obj\system_stm32f4xx.o
 .debug_line    0x000012a3      0x24d ..\obj\misc.o
 .debug_line    0x000014f0      0x3ee ..\obj\init.o
 .debug_line    0x000018de      0x7db ..\obj\stm32f4xx_tim.o
 .debug_line    0x000020b9      0x45e ..\obj\sand.o
 .debug_line    0x00002517      0x249 ..\obj\stm32f4xx_syscfg.o
 .debug_line    0x00002760      0x344 ..\obj\main.o

.debug_str      0x00000000     0x2c7b
 .debug_str     0x00000000      0x473 ..\obj\stm32f4xx_gpio.o
                                0x4cf (size before relaxing)
 .debug_str     0x00000473       0xba ..\obj\startup_stm32f4xx.o
                                0x161 (size before relaxing)
 .debug_str     0x0000052d      0x3ae ..\obj\stm32f4xx_dma.o
                                0x549 (size before relaxing)
 .debug_str     0x000008db      0x669 ..\obj\stm32f4xx_rcc.o
                                0x865 (size before relaxing)
 .debug_str     0x00000f44      0x8fb ..\obj\ws2812.o
                                0xe17 (size before relaxing)
 .debug_str     0x0000183f      0x1c3 ..\obj\stm32f4xx_exti.o
                                0x35f (size before relaxing)
 .debug_str     0x00001a02      0x11d ..\obj\system_stm32f4xx.o
                                0x3bf (size before relaxing)
 .debug_str     0x00001b1f      0x155 ..\obj\misc.o
                                0x3e3 (size before relaxing)
 .debug_str     0x00001c74      0x18a ..\obj\init.o
                                0xdac (size before relaxing)
 .debug_str     0x00001dfe      0x97d ..\obj\stm32f4xx_tim.o
                                0xdf8 (size before relaxing)
 .debug_str     0x0000277b      0x29f ..\obj\sand.o
                                0x42b (size before relaxing)
 .debug_str     0x00002a1a      0x152 ..\obj\stm32f4xx_syscfg.o
                                0x320 (size before relaxing)
 .debug_str     0x00002b6c      0x10f ..\obj\main.o
                                0x4df (size before relaxing)

.comment        0x00000000       0x6e
 .comment       0x00000000       0x6e ..\obj\stm32f4xx_gpio.o
                                 0x6f (size before relaxing)
 .comment       0x0000006e       0x6f ..\obj\startup_stm32f4xx.o
 .comment       0x0000006e       0x6f ..\obj\stm32f4xx_dma.o
 .comment       0x0000006e       0x6f ..\obj\stm32f4xx_rcc.o
 .comment       0x0000006e       0x6f ..\obj\ws2812.o
 .comment       0x0000006e       0x6f ..\obj\stm32f4xx_exti.o
 .comment       0x0000006e       0x6f ..\obj\system_stm32f4xx.o
 .comment       0x0000006e       0x6f ..\obj\misc.o
 .comment       0x0000006e       0x6f ..\obj\init.o
 .comment       0x0000006e       0x6f ..\obj\stm32f4xx_tim.o
 .comment       0x0000006e       0x6f ..\obj\sand.o
 .comment       0x0000006e       0x6f ..\obj\stm32f4xx_syscfg.o
 .comment       0x0000006e       0x6f ..\obj\main.o

.ARM.attributes
                0x00000000       0x39
 .ARM.attributes
                0x00000000       0x39 ..\obj\stm32f4xx_gpio.o
 .ARM.attributes
                0x00000039       0x39 ..\obj\startup_stm32f4xx.o
 .ARM.attributes
                0x00000072       0x39 ..\obj\stm32f4xx_dma.o
 .ARM.attributes
                0x000000ab       0x39 ..\obj\stm32f4xx_rcc.o
 .ARM.attributes
                0x000000e4       0x39 ..\obj\ws2812.o
 .ARM.attributes
                0x0000011d       0x39 ..\obj\stm32f4xx_exti.o
 .ARM.attributes
                0x00000156       0x39 ..\obj\system_stm32f4xx.o
 .ARM.attributes
                0x0000018f       0x39 ..\obj\misc.o
 .ARM.attributes
                0x000001c8       0x39 ..\obj\init.o
 .ARM.attributes
                0x00000201       0x39 ..\obj\stm32f4xx_tim.o
 .ARM.attributes
                0x0000023a       0x39 ..\obj\sand.o
 .ARM.attributes
                0x00000273       0x39 ..\obj\stm32f4xx_syscfg.o
 .ARM.attributes
                0x000002ac       0x39 ..\obj\main.o
 .ARM.attributes
                0x000002e5       0x22 c:/program files/gnu tools arm embedded/5.3 2016q1/bin/../lib/gcc/arm-none-eabi/5.3.1/armv7e-m/fpu\libgcc.a(_arm_addsubdf3.o)
 .ARM.attributes
                0x00000307       0x22 c:/program files/gnu tools arm embedded/5.3 2016q1/bin/../lib/gcc/arm-none-eabi/5.3.1/armv7e-m/fpu\libgcc.a(_arm_truncdfsf2.o)

.debug_frame    0x00000000     0x13b4
 .debug_frame   0x00000000      0x164 ..\obj\stm32f4xx_gpio.o
 .debug_frame   0x00000164       0x30 ..\obj\startup_stm32f4xx.o
 .debug_frame   0x00000194      0x1a8 ..\obj\stm32f4xx_dma.o
 .debug_frame   0x0000033c      0x2f0 ..\obj\stm32f4xx_rcc.o
 .debug_frame   0x0000062c      0x144 ..\obj\ws2812.o
 .debug_frame   0x00000770       0xb4 ..\obj\stm32f4xx_exti.o
 .debug_frame   0x00000824       0x3c ..\obj\system_stm32f4xx.o
 .debug_frame   0x00000860       0x74 ..\obj\misc.o
 .debug_frame   0x000008d4       0xe4 ..\obj\init.o
 .debug_frame   0x000009b8      0x6f8 ..\obj\stm32f4xx_tim.o
 .debug_frame   0x000010b0      0x1a8 ..\obj\sand.o
 .debug_frame   0x00001258       0x88 ..\obj\stm32f4xx_syscfg.o
 .debug_frame   0x000012e0       0xd4 ..\obj\main.o

.debug_ranges   0x00000000      0x348
 .debug_ranges  0x00000000       0x20 ..\obj\stm32f4xx_rcc.o
 .debug_ranges  0x00000020       0x18 ..\obj\system_stm32f4xx.o
 .debug_ranges  0x00000038       0xa8 ..\obj\stm32f4xx_tim.o
 .debug_ranges  0x000000e0      0x1f0 ..\obj\sand.o
 .debug_ranges  0x000002d0       0x78 ..\obj\main.o
