Archive member included because of file (symbol)

c:/program files/coide/gcc-arm-none-eabi-4.8/bin/../lib/gcc/arm-none-eabi/4.8.4/armv7e-m/fpu\libgcc.a(_arm_addsubdf3.o)
                              ..\obj\main.o (__aeabi_dsub)
c:/program files/coide/gcc-arm-none-eabi-4.8/bin/../lib/gcc/arm-none-eabi/4.8.4/armv7e-m/fpu\libgcc.a(_arm_truncdfsf2.o)
                              ..\obj\main.o (__aeabi_d2f)

Allocating common symbols
Common symbol       size              file

WS2812_LED_BUF      0x183             ..\obj\ws2812.o
sandCol             0x3               ..\obj\main.o
calcMatrix          0x4800            ..\obj\main.o
ws2812_dma_status   0x4               ..\obj\ws2812.o
WS2812_TIMER_BUF    0x1890            ..\obj\ws2812.o

Discarded input sections

 .text          0x00000000        0x0 ..\obj\stm32f4xx_syscfg.o
 .data          0x00000000        0x0 ..\obj\stm32f4xx_syscfg.o
 .bss           0x00000000        0x0 ..\obj\stm32f4xx_syscfg.o
 .text.SYSCFG_DeInit
                0x00000000       0x1c ..\obj\stm32f4xx_syscfg.o
 .text.SYSCFG_MemoryRemapConfig
                0x00000000        0xc ..\obj\stm32f4xx_syscfg.o
 .text.SYSCFG_EXTILineConfig
                0x00000000       0x30 ..\obj\stm32f4xx_syscfg.o
 .text.SYSCFG_ETH_MediaInterfaceConfig
                0x00000000        0xc ..\obj\stm32f4xx_syscfg.o
 .text.SYSCFG_CompensationCellCmd
                0x00000000        0xc ..\obj\stm32f4xx_syscfg.o
 .text.SYSCFG_GetCompensationCellStatus
                0x00000000       0x10 ..\obj\stm32f4xx_syscfg.o
 .debug_info    0x00000000      0x2b5 ..\obj\stm32f4xx_syscfg.o
 .debug_abbrev  0x00000000      0x167 ..\obj\stm32f4xx_syscfg.o
 .debug_loc     0x00000000       0xa6 ..\obj\stm32f4xx_syscfg.o
 .debug_aranges
                0x00000000       0x48 ..\obj\stm32f4xx_syscfg.o
 .debug_ranges  0x00000000       0x38 ..\obj\stm32f4xx_syscfg.o
 .debug_line    0x00000000      0x2a7 ..\obj\stm32f4xx_syscfg.o
 .debug_str     0x00000000      0x33e ..\obj\stm32f4xx_syscfg.o
 .comment       0x00000000       0x71 ..\obj\stm32f4xx_syscfg.o
 .ARM.attributes
                0x00000000       0x39 ..\obj\stm32f4xx_syscfg.o
 .debug_frame   0x00000000       0x80 ..\obj\stm32f4xx_syscfg.o
 .text          0x00000000        0x0 ..\obj\ws2812.o
 .data          0x00000000        0x0 ..\obj\ws2812.o
 .bss           0x00000000        0x0 ..\obj\ws2812.o
 .text.p_ws2812_clear_buf
                0x00000000       0x18 ..\obj\ws2812.o
 .text          0x00000000        0x0 ..\obj\sand.o
 .text.p_positive
                0x00000000        0x8 ..\obj\sand.o
 .text.p_min    0x00000000        0x8 ..\obj\sand.o
 .text          0x00000000        0x0 ..\obj\stm32f4xx_pwr.o
 .data          0x00000000        0x0 ..\obj\stm32f4xx_pwr.o
 .bss           0x00000000        0x0 ..\obj\stm32f4xx_pwr.o
 .text.PWR_DeInit
                0x00000000       0x1c ..\obj\stm32f4xx_pwr.o
 .text.PWR_BackupAccessCmd
                0x00000000        0xc ..\obj\stm32f4xx_pwr.o
 .text.PWR_PVDLevelConfig
                0x00000000       0x14 ..\obj\stm32f4xx_pwr.o
 .text.PWR_PVDCmd
                0x00000000        0xc ..\obj\stm32f4xx_pwr.o
 .text.PWR_WakeUpPinCmd
                0x00000000        0xc ..\obj\stm32f4xx_pwr.o
 .text.PWR_BackupRegulatorCmd
                0x00000000        0xc ..\obj\stm32f4xx_pwr.o
 .text.PWR_MainRegulatorModeConfig
                0x00000000       0x1c ..\obj\stm32f4xx_pwr.o
 .text.PWR_FlashPowerDownCmd
                0x00000000        0xc ..\obj\stm32f4xx_pwr.o
 .text.PWR_EnterSTOPMode
                0x00000000       0x3c ..\obj\stm32f4xx_pwr.o
 .text.PWR_EnterSTANDBYMode
                0x00000000       0x28 ..\obj\stm32f4xx_pwr.o
 .text.PWR_GetFlagStatus
                0x00000000       0x14 ..\obj\stm32f4xx_pwr.o
 .text.PWR_ClearFlag
                0x00000000       0x10 ..\obj\stm32f4xx_pwr.o
 .debug_info    0x00000000      0x544 ..\obj\stm32f4xx_pwr.o
 .debug_abbrev  0x00000000      0x1c4 ..\obj\stm32f4xx_pwr.o
 .debug_loc     0x00000000      0x111 ..\obj\stm32f4xx_pwr.o
 .debug_aranges
                0x00000000       0x78 ..\obj\stm32f4xx_pwr.o
 .debug_ranges  0x00000000       0x68 ..\obj\stm32f4xx_pwr.o
 .debug_line    0x00000000      0x346 ..\obj\stm32f4xx_pwr.o
 .debug_str     0x00000000      0x3db ..\obj\stm32f4xx_pwr.o
 .comment       0x00000000       0x71 ..\obj\stm32f4xx_pwr.o
 .ARM.attributes
                0x00000000       0x39 ..\obj\stm32f4xx_pwr.o
 .debug_frame   0x00000000       0xe0 ..\obj\stm32f4xx_pwr.o
 .text          0x00000000        0x0 ..\obj\startup_stm32f4xx.o
 .data          0x00000000        0x0 ..\obj\startup_stm32f4xx.o
 .bss           0x00000000        0x0 ..\obj\startup_stm32f4xx.o
 .text          0x00000000        0x0 ..\obj\main.o
 .text          0x00000000        0x0 ..\obj\stm32f4xx_rcc.o
 .data          0x00000000       0x10 ..\obj\stm32f4xx_rcc.o
 .bss           0x00000000        0x0 ..\obj\stm32f4xx_rcc.o
 .text.RCC_DeInit
                0x00000000       0x34 ..\obj\stm32f4xx_rcc.o
 .text.RCC_HSEConfig
                0x00000000       0x10 ..\obj\stm32f4xx_rcc.o
 .text.RCC_WaitForHSEStartUp
                0x00000000       0x38 ..\obj\stm32f4xx_rcc.o
 .text.RCC_AdjustHSICalibrationValue
                0x00000000       0x14 ..\obj\stm32f4xx_rcc.o
 .text.RCC_HSICmd
                0x00000000        0xc ..\obj\stm32f4xx_rcc.o
 .text.RCC_LSEConfig
                0x00000000       0x20 ..\obj\stm32f4xx_rcc.o
 .text.RCC_LSICmd
                0x00000000        0xc ..\obj\stm32f4xx_rcc.o
 .text.RCC_PLLConfig
                0x00000000       0x24 ..\obj\stm32f4xx_rcc.o
 .text.RCC_PLLCmd
                0x00000000        0xc ..\obj\stm32f4xx_rcc.o
 .text.RCC_PLLI2SConfig
                0x00000000       0x14 ..\obj\stm32f4xx_rcc.o
 .text.RCC_PLLI2SCmd
                0x00000000        0xc ..\obj\stm32f4xx_rcc.o
 .text.RCC_ClockSecuritySystemCmd
                0x00000000        0xc ..\obj\stm32f4xx_rcc.o
 .text.RCC_MCO1Config
                0x00000000       0x14 ..\obj\stm32f4xx_rcc.o
 .text.RCC_MCO2Config
                0x00000000       0x14 ..\obj\stm32f4xx_rcc.o
 .text.RCC_SYSCLKConfig
                0x00000000       0x14 ..\obj\stm32f4xx_rcc.o
 .text.RCC_GetSYSCLKSource
                0x00000000       0x10 ..\obj\stm32f4xx_rcc.o
 .text.RCC_HCLKConfig
                0x00000000       0x14 ..\obj\stm32f4xx_rcc.o
 .text.RCC_PCLK1Config
                0x00000000       0x14 ..\obj\stm32f4xx_rcc.o
 .text.RCC_PCLK2Config
                0x00000000       0x14 ..\obj\stm32f4xx_rcc.o
 .text.RCC_GetClocksFreq
                0x00000000       0x90 ..\obj\stm32f4xx_rcc.o
 .text.RCC_RTCCLKConfig
                0x00000000       0x30 ..\obj\stm32f4xx_rcc.o
 .text.RCC_RTCCLKCmd
                0x00000000        0xc ..\obj\stm32f4xx_rcc.o
 .text.RCC_BackupResetCmd
                0x00000000        0xc ..\obj\stm32f4xx_rcc.o
 .text.RCC_I2SCLKConfig
                0x00000000        0xc ..\obj\stm32f4xx_rcc.o
 .text.RCC_AHB2PeriphClockCmd
                0x00000000       0x18 ..\obj\stm32f4xx_rcc.o
 .text.RCC_AHB3PeriphClockCmd
                0x00000000       0x18 ..\obj\stm32f4xx_rcc.o
 .text.RCC_APB2PeriphClockCmd
                0x00000000       0x18 ..\obj\stm32f4xx_rcc.o
 .text.RCC_AHB1PeriphResetCmd
                0x00000000       0x18 ..\obj\stm32f4xx_rcc.o
 .text.RCC_AHB2PeriphResetCmd
                0x00000000       0x18 ..\obj\stm32f4xx_rcc.o
 .text.RCC_AHB3PeriphResetCmd
                0x00000000       0x18 ..\obj\stm32f4xx_rcc.o
 .text.RCC_APB1PeriphResetCmd
                0x00000000       0x18 ..\obj\stm32f4xx_rcc.o
 .text.RCC_APB2PeriphResetCmd
                0x00000000       0x18 ..\obj\stm32f4xx_rcc.o
 .text.RCC_AHB1PeriphClockLPModeCmd
                0x00000000       0x18 ..\obj\stm32f4xx_rcc.o
 .text.RCC_AHB2PeriphClockLPModeCmd
                0x00000000       0x18 ..\obj\stm32f4xx_rcc.o
 .text.RCC_AHB3PeriphClockLPModeCmd
                0x00000000       0x18 ..\obj\stm32f4xx_rcc.o
 .text.RCC_APB1PeriphClockLPModeCmd
                0x00000000       0x18 ..\obj\stm32f4xx_rcc.o
 .text.RCC_APB2PeriphClockLPModeCmd
                0x00000000       0x18 ..\obj\stm32f4xx_rcc.o
 .text.RCC_ITConfig
                0x00000000       0x18 ..\obj\stm32f4xx_rcc.o
 .text.RCC_GetFlagStatus
                0x00000000       0x34 ..\obj\stm32f4xx_rcc.o
 .text.RCC_ClearFlag
                0x00000000       0x10 ..\obj\stm32f4xx_rcc.o
 .text.RCC_GetITStatus
                0x00000000       0x14 ..\obj\stm32f4xx_rcc.o
 .text.RCC_ClearITPendingBit
                0x00000000        0xc ..\obj\stm32f4xx_rcc.o
 .text          0x00000000        0x0 ..\obj\init.o
 .data          0x00000000        0x0 ..\obj\init.o
 .bss           0x00000000        0x0 ..\obj\init.o
 .text          0x00000000        0x0 ..\obj\stm32f4xx_gpio.o
 .data          0x00000000        0x0 ..\obj\stm32f4xx_gpio.o
 .bss           0x00000000        0x0 ..\obj\stm32f4xx_gpio.o
 .text.GPIO_DeInit
                0x00000000      0x118 ..\obj\stm32f4xx_gpio.o
 .text.GPIO_StructInit
                0x00000000       0x14 ..\obj\stm32f4xx_gpio.o
 .text.GPIO_PinLockConfig
                0x00000000       0x24 ..\obj\stm32f4xx_gpio.o
 .text.GPIO_ReadInputDataBit
                0x00000000        0xc ..\obj\stm32f4xx_gpio.o
 .text.GPIO_ReadInputData
                0x00000000        0x8 ..\obj\stm32f4xx_gpio.o
 .text.GPIO_ReadOutputDataBit
                0x00000000        0xc ..\obj\stm32f4xx_gpio.o
 .text.GPIO_ReadOutputData
                0x00000000        0x8 ..\obj\stm32f4xx_gpio.o
 .text.GPIO_SetBits
                0x00000000        0x4 ..\obj\stm32f4xx_gpio.o
 .text.GPIO_ResetBits
                0x00000000        0x4 ..\obj\stm32f4xx_gpio.o
 .text.GPIO_WriteBit
                0x00000000        0xc ..\obj\stm32f4xx_gpio.o
 .text.GPIO_Write
                0x00000000        0x4 ..\obj\stm32f4xx_gpio.o
 .text.GPIO_ToggleBits
                0x00000000        0x8 ..\obj\stm32f4xx_gpio.o
 .text          0x00000000        0x0 ..\obj\system_stm32f4xx.o
 .data          0x00000000       0x14 ..\obj\system_stm32f4xx.o
 .bss           0x00000000        0x0 ..\obj\system_stm32f4xx.o
 .text.SystemCoreClockUpdate
                0x00000000       0x68 ..\obj\system_stm32f4xx.o
 .text          0x00000000        0x0 ..\obj\syscalls.o
 .data          0x00000000        0x0 ..\obj\syscalls.o
 .bss           0x00000000        0x4 ..\obj\syscalls.o
 .text._sbrk    0x00000000       0x1c ..\obj\syscalls.o
 .text.link     0x00000000        0x8 ..\obj\syscalls.o
 .text._close   0x00000000        0x8 ..\obj\syscalls.o
 .text._fstat   0x00000000        0xc ..\obj\syscalls.o
 .text._isatty  0x00000000        0x4 ..\obj\syscalls.o
 .text._lseek   0x00000000        0x4 ..\obj\syscalls.o
 .text._read    0x00000000        0x4 ..\obj\syscalls.o
 .text._write   0x00000000        0x4 ..\obj\syscalls.o
 .text.abort    0x00000000        0x4 ..\obj\syscalls.o
 .debug_info    0x00000000      0x3ed ..\obj\syscalls.o
 .debug_abbrev  0x00000000       0xf1 ..\obj\syscalls.o
 .debug_loc     0x00000000      0x108 ..\obj\syscalls.o
 .debug_aranges
                0x00000000       0x60 ..\obj\syscalls.o
 .debug_ranges  0x00000000       0x50 ..\obj\syscalls.o
 .debug_line    0x00000000      0x16d ..\obj\syscalls.o
 .debug_str     0x00000000      0x31a ..\obj\syscalls.o
 .comment       0x00000000       0x71 ..\obj\syscalls.o
 .ARM.attributes
                0x00000000       0x39 ..\obj\syscalls.o
 .debug_frame   0x00000000       0xa0 ..\obj\syscalls.o
 .text          0x00000000        0x0 ..\obj\stm32f4xx_dma.o
 .data          0x00000000        0x0 ..\obj\stm32f4xx_dma.o
 .bss           0x00000000        0x0 ..\obj\stm32f4xx_dma.o
 .text.DMA_StructInit
                0x00000000       0x24 ..\obj\stm32f4xx_dma.o
 .text.DMA_PeriphIncOffsetSizeConfig
                0x00000000       0x14 ..\obj\stm32f4xx_dma.o
 .text.DMA_FlowControllerConfig
                0x00000000       0x14 ..\obj\stm32f4xx_dma.o
 .text.DMA_SetCurrDataCounter
                0x00000000        0x4 ..\obj\stm32f4xx_dma.o
 .text.DMA_GetCurrDataCounter
                0x00000000        0x8 ..\obj\stm32f4xx_dma.o
 .text.DMA_DoubleBufferModeConfig
                0x00000000       0x18 ..\obj\stm32f4xx_dma.o
 .text.DMA_DoubleBufferModeCmd
                0x00000000       0x14 ..\obj\stm32f4xx_dma.o
 .text.DMA_MemoryTargetConfig
                0x00000000        0xc ..\obj\stm32f4xx_dma.o
 .text.DMA_GetCurrentMemoryTarget
                0x00000000        0x8 ..\obj\stm32f4xx_dma.o
 .text.DMA_GetCmdStatus
                0x00000000        0x8 ..\obj\stm32f4xx_dma.o
 .text.DMA_GetFIFOStatus
                0x00000000        0x8 ..\obj\stm32f4xx_dma.o
 .text.DMA_GetFlagStatus
                0x00000000       0x3c ..\obj\stm32f4xx_dma.o
 .text.DMA_ClearFlag
                0x00000000       0x34 ..\obj\stm32f4xx_dma.o
 .text          0x00000000        0x0 ..\obj\stm32f4xx_exti.o
 .data          0x00000000        0x0 ..\obj\stm32f4xx_exti.o
 .bss           0x00000000        0x0 ..\obj\stm32f4xx_exti.o
 .text.EXTI_DeInit
                0x00000000       0x1c ..\obj\stm32f4xx_exti.o
 .text.EXTI_Init
                0x00000000       0x80 ..\obj\stm32f4xx_exti.o
 .text.EXTI_StructInit
                0x00000000       0x10 ..\obj\stm32f4xx_exti.o
 .text.EXTI_GenerateSWInterrupt
                0x00000000       0x10 ..\obj\stm32f4xx_exti.o
 .text.EXTI_GetFlagStatus
                0x00000000       0x14 ..\obj\stm32f4xx_exti.o
 .text.EXTI_ClearFlag
                0x00000000        0xc ..\obj\stm32f4xx_exti.o
 .text.EXTI_GetITStatus
                0x00000000       0x1c ..\obj\stm32f4xx_exti.o
 .text.EXTI_ClearITPendingBit
                0x00000000        0xc ..\obj\stm32f4xx_exti.o
 .debug_info    0x00000000      0x34c ..\obj\stm32f4xx_exti.o
 .debug_abbrev  0x00000000      0x1c3 ..\obj\stm32f4xx_exti.o
 .debug_loc     0x00000000      0x1f6 ..\obj\stm32f4xx_exti.o
 .debug_aranges
                0x00000000       0x58 ..\obj\stm32f4xx_exti.o
 .debug_ranges  0x00000000       0x48 ..\obj\stm32f4xx_exti.o
 .debug_line    0x00000000      0x305 ..\obj\stm32f4xx_exti.o
 .debug_str     0x00000000      0x38c ..\obj\stm32f4xx_exti.o
 .comment       0x00000000       0x71 ..\obj\stm32f4xx_exti.o
 .ARM.attributes
                0x00000000       0x39 ..\obj\stm32f4xx_exti.o
 .debug_frame   0x00000000       0x9c ..\obj\stm32f4xx_exti.o
 .text          0x00000000        0x0 ..\obj\misc.o
 .data          0x00000000        0x0 ..\obj\misc.o
 .bss           0x00000000        0x0 ..\obj\misc.o
 .text.NVIC_PriorityGroupConfig
                0x00000000       0x14 ..\obj\misc.o
 .text.NVIC_SetVectorTable
                0x00000000       0x14 ..\obj\misc.o
 .text.NVIC_SystemLPConfig
                0x00000000       0x18 ..\obj\misc.o
 .text.SysTick_CLKSourceConfig
                0x00000000       0x18 ..\obj\misc.o
 .text          0x00000000        0x0 ..\obj\stm32f4xx_rtc.o
 .data          0x00000000        0x0 ..\obj\stm32f4xx_rtc.o
 .bss           0x00000000        0x0 ..\obj\stm32f4xx_rtc.o
 .text.RTC_StructInit
                0x00000000        0xc ..\obj\stm32f4xx_rtc.o
 .text.RTC_WriteProtectionCmd
                0x00000000       0x18 ..\obj\stm32f4xx_rtc.o
 .text.RTC_EnterInitMode
                0x00000000       0x44 ..\obj\stm32f4xx_rtc.o
 .text.RTC_Init
                0x00000000       0x48 ..\obj\stm32f4xx_rtc.o
 .text.RTC_ExitInitMode
                0x00000000       0x10 ..\obj\stm32f4xx_rtc.o
 .text.RTC_WaitForSynchro
                0x00000000       0x44 ..\obj\stm32f4xx_rtc.o
 .text.RTC_DeInit
                0x00000000       0x84 ..\obj\stm32f4xx_rtc.o
 .text.RTC_RefClockCmd
                0x00000000       0x40 ..\obj\stm32f4xx_rtc.o
 .text.RTC_BypassShadowCmd
                0x00000000       0x30 ..\obj\stm32f4xx_rtc.o
 .text.RTC_SetTime
                0x00000000       0xd8 ..\obj\stm32f4xx_rtc.o
 .text.RTC_TimeStructInit
                0x00000000        0xc ..\obj\stm32f4xx_rtc.o
 .text.RTC_GetTime
                0x00000000       0x5c ..\obj\stm32f4xx_rtc.o
 .text.RTC_GetSubSecond
                0x00000000        0xc ..\obj\stm32f4xx_rtc.o
 .text.RTC_SetDate
                0x00000000       0xcc ..\obj\stm32f4xx_rtc.o
 .text.RTC_DateStructInit
                0x00000000       0x10 ..\obj\stm32f4xx_rtc.o
 .text.RTC_GetDate
                0x00000000       0x58 ..\obj\stm32f4xx_rtc.o
 .text.RTC_SetAlarm
                0x00000000      0x100 ..\obj\stm32f4xx_rtc.o
 .text.RTC_AlarmStructInit
                0x00000000       0x14 ..\obj\stm32f4xx_rtc.o
 .text.RTC_GetAlarm
                0x00000000       0x94 ..\obj\stm32f4xx_rtc.o
 .text.RTC_AlarmCmd
                0x00000000       0x5c ..\obj\stm32f4xx_rtc.o
 .text.RTC_AlarmSubSecondConfig
                0x00000000       0x28 ..\obj\stm32f4xx_rtc.o
 .text.RTC_GetAlarmSubSecond
                0x00000000       0x18 ..\obj\stm32f4xx_rtc.o
 .text.RTC_WakeUpClockConfig
                0x00000000       0x24 ..\obj\stm32f4xx_rtc.o
 .text.RTC_SetWakeUpCounter
                0x00000000       0x1c ..\obj\stm32f4xx_rtc.o
 .text.RTC_GetWakeUpCounter
                0x00000000        0xc ..\obj\stm32f4xx_rtc.o
 .text.RTC_WakeUpCmd
                0x00000000       0x58 ..\obj\stm32f4xx_rtc.o
 .text.RTC_DayLightSavingConfig
                0x00000000       0x2c ..\obj\stm32f4xx_rtc.o
 .text.RTC_GetStoreOperation
                0x00000000       0x10 ..\obj\stm32f4xx_rtc.o
 .text.RTC_OutputConfig
                0x00000000       0x2c ..\obj\stm32f4xx_rtc.o
 .text.RTC_CoarseCalibConfig
                0x00000000       0x30 ..\obj\stm32f4xx_rtc.o
 .text.RTC_CoarseCalibCmd
                0x00000000       0x40 ..\obj\stm32f4xx_rtc.o
 .text.RTC_CalibOutputCmd
                0x00000000       0x30 ..\obj\stm32f4xx_rtc.o
 .text.RTC_CalibOutputConfig
                0x00000000       0x24 ..\obj\stm32f4xx_rtc.o
 .text.RTC_SmoothCalibConfig
                0x00000000       0x4c ..\obj\stm32f4xx_rtc.o
 .text.RTC_TimeStampCmd
                0x00000000       0x34 ..\obj\stm32f4xx_rtc.o
 .text.RTC_GetTimeStamp
                0x00000000       0xbc ..\obj\stm32f4xx_rtc.o
 .text.RTC_GetTimeStampSubSecond
                0x00000000        0xc ..\obj\stm32f4xx_rtc.o
 .text.RTC_TamperTriggerConfig
                0x00000000       0x1c ..\obj\stm32f4xx_rtc.o
 .text.RTC_TamperCmd
                0x00000000       0x18 ..\obj\stm32f4xx_rtc.o
 .text.RTC_TamperFilterConfig
                0x00000000       0x18 ..\obj\stm32f4xx_rtc.o
 .text.RTC_TamperSamplingFreqConfig
                0x00000000       0x18 ..\obj\stm32f4xx_rtc.o
 .text.RTC_TamperPinsPrechargeDuration
                0x00000000       0x18 ..\obj\stm32f4xx_rtc.o
 .text.RTC_TimeStampOnTamperDetectionCmd
                0x00000000       0x1c ..\obj\stm32f4xx_rtc.o
 .text.RTC_TamperPullUpCmd
                0x00000000       0x1c ..\obj\stm32f4xx_rtc.o
 .text.RTC_WriteBackupRegister
                0x00000000       0x20 ..\obj\stm32f4xx_rtc.o
 .text.RTC_ReadBackupRegister
                0x00000000       0x20 ..\obj\stm32f4xx_rtc.o
 .text.RTC_TamperPinSelection
                0x00000000       0x18 ..\obj\stm32f4xx_rtc.o
 .text.RTC_TimeStampPinSelection
                0x00000000       0x18 ..\obj\stm32f4xx_rtc.o
 .text.RTC_OutputTypeConfig
                0x00000000       0x18 ..\obj\stm32f4xx_rtc.o
 .text.RTC_SynchroShiftConfig
                0x00000000       0x68 ..\obj\stm32f4xx_rtc.o
 .text.RTC_ITConfig
                0x00000000       0x4c ..\obj\stm32f4xx_rtc.o
 .text.RTC_GetFlagStatus
                0x00000000       0x18 ..\obj\stm32f4xx_rtc.o
 .text.RTC_ClearFlag
                0x00000000       0x1c ..\obj\stm32f4xx_rtc.o
 .text.RTC_GetITStatus
                0x00000000       0x38 ..\obj\stm32f4xx_rtc.o
 .text.RTC_ClearITPendingBit
                0x00000000       0x1c ..\obj\stm32f4xx_rtc.o
 .debug_info    0x00000000     0x1654 ..\obj\stm32f4xx_rtc.o
 .debug_abbrev  0x00000000      0x26a ..\obj\stm32f4xx_rtc.o
 .debug_loc     0x00000000     0x173c ..\obj\stm32f4xx_rtc.o
 .debug_aranges
                0x00000000      0x1d0 ..\obj\stm32f4xx_rtc.o
 .debug_ranges  0x00000000      0x4b0 ..\obj\stm32f4xx_rtc.o
 .debug_line    0x00000000      0xaa4 ..\obj\stm32f4xx_rtc.o
 .debug_str     0x00000000      0xb7b ..\obj\stm32f4xx_rtc.o
 .comment       0x00000000       0x71 ..\obj\stm32f4xx_rtc.o
 .ARM.attributes
                0x00000000       0x39 ..\obj\stm32f4xx_rtc.o
 .debug_frame   0x00000000      0x484 ..\obj\stm32f4xx_rtc.o
 .text          0x00000000        0x0 ..\obj\stm32f4xx_tim.o
 .data          0x00000000        0x0 ..\obj\stm32f4xx_tim.o
 .bss           0x00000000        0x0 ..\obj\stm32f4xx_tim.o
 .text.TIM_DeInit
                0x00000000      0x1b8 ..\obj\stm32f4xx_tim.o
 .text.TIM_TimeBaseStructInit
                0x00000000       0x14 ..\obj\stm32f4xx_tim.o
 .text.TIM_PrescalerConfig
                0x00000000        0x8 ..\obj\stm32f4xx_tim.o
 .text.TIM_CounterModeConfig
                0x00000000       0x10 ..\obj\stm32f4xx_tim.o
 .text.TIM_SetCounter
                0x00000000        0x4 ..\obj\stm32f4xx_tim.o
 .text.TIM_SetAutoreload
                0x00000000        0x4 ..\obj\stm32f4xx_tim.o
 .text.TIM_GetCounter
                0x00000000        0x4 ..\obj\stm32f4xx_tim.o
 .text.TIM_GetPrescaler
                0x00000000        0x8 ..\obj\stm32f4xx_tim.o
 .text.TIM_UpdateDisableConfig
                0x00000000       0x1c ..\obj\stm32f4xx_tim.o
 .text.TIM_UpdateRequestConfig
                0x00000000       0x1c ..\obj\stm32f4xx_tim.o
 .text.TIM_SelectOnePulseMode
                0x00000000       0x18 ..\obj\stm32f4xx_tim.o
 .text.TIM_SetClockDivision
                0x00000000       0x18 ..\obj\stm32f4xx_tim.o
 .text.TIM_OC2Init
                0x00000000       0x90 ..\obj\stm32f4xx_tim.o
 .text.TIM_OC3Init
                0x00000000       0x8c ..\obj\stm32f4xx_tim.o
 .text.TIM_OC4Init
                0x00000000       0x6c ..\obj\stm32f4xx_tim.o
 .text.TIM_SelectOCxM
                0x00000000       0x50 ..\obj\stm32f4xx_tim.o
 .text.TIM_SetCompare1
                0x00000000        0x4 ..\obj\stm32f4xx_tim.o
 .text.TIM_SetCompare2
                0x00000000        0x4 ..\obj\stm32f4xx_tim.o
 .text.TIM_SetCompare3
                0x00000000        0x4 ..\obj\stm32f4xx_tim.o
 .text.TIM_SetCompare4
                0x00000000        0x4 ..\obj\stm32f4xx_tim.o
 .text.TIM_ForcedOC1Config
                0x00000000       0x10 ..\obj\stm32f4xx_tim.o
 .text.TIM_ForcedOC2Config
                0x00000000       0x14 ..\obj\stm32f4xx_tim.o
 .text.TIM_ForcedOC3Config
                0x00000000       0x10 ..\obj\stm32f4xx_tim.o
 .text.TIM_ForcedOC4Config
                0x00000000       0x14 ..\obj\stm32f4xx_tim.o
 .text.TIM_OC2PreloadConfig
                0x00000000       0x14 ..\obj\stm32f4xx_tim.o
 .text.TIM_OC3PreloadConfig
                0x00000000       0x10 ..\obj\stm32f4xx_tim.o
 .text.TIM_OC4PreloadConfig
                0x00000000       0x14 ..\obj\stm32f4xx_tim.o
 .text.TIM_OC1FastConfig
                0x00000000       0x10 ..\obj\stm32f4xx_tim.o
 .text.TIM_OC2FastConfig
                0x00000000       0x14 ..\obj\stm32f4xx_tim.o
 .text.TIM_OC3FastConfig
                0x00000000       0x10 ..\obj\stm32f4xx_tim.o
 .text.TIM_OC4FastConfig
                0x00000000       0x14 ..\obj\stm32f4xx_tim.o
 .text.TIM_ClearOC1Ref
                0x00000000       0x10 ..\obj\stm32f4xx_tim.o
 .text.TIM_ClearOC2Ref
                0x00000000       0x10 ..\obj\stm32f4xx_tim.o
 .text.TIM_ClearOC3Ref
                0x00000000       0x10 ..\obj\stm32f4xx_tim.o
 .text.TIM_ClearOC4Ref
                0x00000000       0x10 ..\obj\stm32f4xx_tim.o
 .text.TIM_OC1PolarityConfig
                0x00000000       0x10 ..\obj\stm32f4xx_tim.o
 .text.TIM_OC1NPolarityConfig
                0x00000000       0x10 ..\obj\stm32f4xx_tim.o
 .text.TIM_OC2PolarityConfig
                0x00000000       0x14 ..\obj\stm32f4xx_tim.o
 .text.TIM_OC2NPolarityConfig
                0x00000000       0x14 ..\obj\stm32f4xx_tim.o
 .text.TIM_OC3PolarityConfig
                0x00000000       0x14 ..\obj\stm32f4xx_tim.o
 .text.TIM_OC3NPolarityConfig
                0x00000000       0x14 ..\obj\stm32f4xx_tim.o
 .text.TIM_OC4PolarityConfig
                0x00000000       0x14 ..\obj\stm32f4xx_tim.o
 .text.TIM_CCxCmd
                0x00000000       0x20 ..\obj\stm32f4xx_tim.o
 .text.TIM_CCxNCmd
                0x00000000       0x20 ..\obj\stm32f4xx_tim.o
 .text.TIM_ICInit
                0x00000000      0x168 ..\obj\stm32f4xx_tim.o
 .text.TIM_ICStructInit
                0x00000000       0x10 ..\obj\stm32f4xx_tim.o
 .text.TIM_PWMIConfig
                0x00000000      0x150 ..\obj\stm32f4xx_tim.o
 .text.TIM_GetCapture1
                0x00000000        0x4 ..\obj\stm32f4xx_tim.o
 .text.TIM_GetCapture2
                0x00000000        0x4 ..\obj\stm32f4xx_tim.o
 .text.TIM_GetCapture3
                0x00000000        0x4 ..\obj\stm32f4xx_tim.o
 .text.TIM_GetCapture4
                0x00000000        0x4 ..\obj\stm32f4xx_tim.o
 .text.TIM_SetIC1Prescaler
                0x00000000       0x18 ..\obj\stm32f4xx_tim.o
 .text.TIM_SetIC2Prescaler
                0x00000000       0x1c ..\obj\stm32f4xx_tim.o
 .text.TIM_SetIC3Prescaler
                0x00000000       0x18 ..\obj\stm32f4xx_tim.o
 .text.TIM_SetIC4Prescaler
                0x00000000       0x1c ..\obj\stm32f4xx_tim.o
 .text.TIM_BDTRConfig
                0x00000000       0x2c ..\obj\stm32f4xx_tim.o
 .text.TIM_BDTRStructInit
                0x00000000       0x14 ..\obj\stm32f4xx_tim.o
 .text.TIM_CtrlPWMOutputs
                0x00000000       0x20 ..\obj\stm32f4xx_tim.o
 .text.TIM_SelectCOM
                0x00000000       0x1c ..\obj\stm32f4xx_tim.o
 .text.TIM_CCPreloadControl
                0x00000000       0x1c ..\obj\stm32f4xx_tim.o
 .text.TIM_GenerateEvent
                0x00000000        0x4 ..\obj\stm32f4xx_tim.o
 .text.TIM_GetFlagStatus
                0x00000000        0xc ..\obj\stm32f4xx_tim.o
 .text.TIM_ClearFlag
                0x00000000        0x8 ..\obj\stm32f4xx_tim.o
 .text.TIM_DMAConfig
                0x00000000        0x8 ..\obj\stm32f4xx_tim.o
 .text.TIM_SelectCCDMA
                0x00000000       0x1c ..\obj\stm32f4xx_tim.o
 .text.TIM_InternalClockConfig
                0x00000000       0x10 ..\obj\stm32f4xx_tim.o
 .text.TIM_ITRxExternalClockConfig
                0x00000000       0x1c ..\obj\stm32f4xx_tim.o
 .text.TIM_TIxExternalClockConfig
                0x00000000       0x88 ..\obj\stm32f4xx_tim.o
 .text.TIM_ETRClockMode1Config
                0x00000000       0x28 ..\obj\stm32f4xx_tim.o
 .text.TIM_ETRClockMode2Config
                0x00000000       0x24 ..\obj\stm32f4xx_tim.o
 .text.TIM_SelectInputTrigger
                0x00000000       0x10 ..\obj\stm32f4xx_tim.o
 .text.TIM_SelectOutputTrigger
                0x00000000       0x18 ..\obj\stm32f4xx_tim.o
 .text.TIM_SelectSlaveMode
                0x00000000       0x18 ..\obj\stm32f4xx_tim.o
 .text.TIM_SelectMasterSlaveMode
                0x00000000       0x18 ..\obj\stm32f4xx_tim.o
 .text.TIM_ETRConfig
                0x00000000       0x18 ..\obj\stm32f4xx_tim.o
 .text.TIM_EncoderInterfaceConfig
                0x00000000       0x40 ..\obj\stm32f4xx_tim.o
 .text.TIM_SelectHallSensor
                0x00000000       0x1c ..\obj\stm32f4xx_tim.o
 .text.TIM_RemapConfig
                0x00000000        0x8 ..\obj\stm32f4xx_tim.o
 .data          0x00000000        0x0 c:/program files/coide/gcc-arm-none-eabi-4.8/bin/../lib/gcc/arm-none-eabi/4.8.4/armv7e-m/fpu\libgcc.a(_arm_addsubdf3.o)
 .bss           0x00000000        0x0 c:/program files/coide/gcc-arm-none-eabi-4.8/bin/../lib/gcc/arm-none-eabi/4.8.4/armv7e-m/fpu\libgcc.a(_arm_addsubdf3.o)
 .data          0x00000000        0x0 c:/program files/coide/gcc-arm-none-eabi-4.8/bin/../lib/gcc/arm-none-eabi/4.8.4/armv7e-m/fpu\libgcc.a(_arm_truncdfsf2.o)
 .bss           0x00000000        0x0 c:/program files/coide/gcc-arm-none-eabi-4.8/bin/../lib/gcc/arm-none-eabi/4.8.4/armv7e-m/fpu\libgcc.a(_arm_truncdfsf2.o)

Memory Configuration

Name             Origin             Length             Attributes
rom              0x08000000         0x00100000         xr
ram              0x20000000         0x00020000         xrw
ram1             0x10000000         0x00010000         xrw
*default*        0x00000000         0xffffffff

Linker script and memory map

                0x20020000                _eram = 0x20020000

.text           0x08000000     0x19c4
 *(.isr_vector)
 .isr_vector    0x08000000      0x188 ..\obj\startup_stm32f4xx.o
                0x08000000                g_pfnVectors
 *(.text*)
 .text.p_ws2812_init_io
                0x08000188       0x48 ..\obj\ws2812.o
                0x08000188                p_ws2812_init_io
 .text.p_ws2812_init_timer
                0x080001d0       0x6c ..\obj\ws2812.o
                0x080001d0                p_ws2812_init_timer
 .text.p_ws2812_init_NVIC
                0x0800023c       0x38 ..\obj\ws2812.o
                0x0800023c                p_ws2812_init_NVIC
 .text.p_ws2812_init_DMA
                0x08000274       0x80 ..\obj\ws2812.o
                0x08000274                p_ws2812_init_DMA
 .text.p_ws2812_DMA_start
                0x080002f4       0x34 ..\obj\ws2812.o
                0x080002f4                p_ws2812_DMA_start
 .text.ws2812_init
                0x08000328       0x68 ..\obj\ws2812.o
                0x08000328                ws2812_init
 .text.p_ws2812_calc_timer_buf
                0x08000390      0x110 ..\obj\ws2812.o
                0x08000390                p_ws2812_calc_timer_buf
 .text.ws2812_refresh
                0x080004a0       0x1c ..\obj\ws2812.o
                0x080004a0                ws2812_refresh
 .text.DMA1_Stream4_IRQHandler
                0x080004bc       0x3c ..\obj\ws2812.o
                0x080004bc                DMA1_Stream4_IRQHandler
 .text.p_probability
                0x080004f8       0x64 ..\obj\sand.o
                0x080004f8                p_probability
 .text.p_myRand
                0x0800055c       0x2c ..\obj\sand.o
                0x0800055c                p_myRand
 .text.p_pseudoCos
                0x08000588       0x3c ..\obj\sand.o
                0x08000588                p_pseudoCos
 .text.gravity  0x080005c4      0x1a8 ..\obj\sand.o
                0x080005c4                gravity
 .text.p_countValues
                0x0800076c       0x60 ..\obj\sand.o
                0x0800076c                p_countValues
 .text.p_countBits
                0x080007cc       0x38 ..\obj\sand.o
                0x080007cc                p_countBits
 .text.sandToWS2812
                0x08000804      0x17c ..\obj\sand.o
                0x08000804                sandToWS2812
 .text.p_changeValues
                0x08000980       0x88 ..\obj\sand.o
                0x08000980                p_changeValues
 .text.sandFlow
                0x08000a08       0xe0 ..\obj\sand.o
                0x08000a08                sandFlow
 .text.Default_Handler
                0x08000ae8        0x4 ..\obj\startup_stm32f4xx.o
                0x08000ae8                RTC_Alarm_IRQHandler
                0x08000ae8                HASH_RNG_IRQHandler
                0x08000ae8                EXTI2_IRQHandler
                0x08000ae8                TIM8_CC_IRQHandler
                0x08000ae8                DebugMon_Handler
                0x08000ae8                TIM1_CC_IRQHandler
                0x08000ae8                DMA2_Stream5_IRQHandler
                0x08000ae8                HardFault_Handler
                0x08000ae8                DMA1_Stream5_IRQHandler
                0x08000ae8                SysTick_Handler
                0x08000ae8                PVD_IRQHandler
                0x08000ae8                SDIO_IRQHandler
                0x08000ae8                TAMP_STAMP_IRQHandler
                0x08000ae8                PendSV_Handler
                0x08000ae8                NMI_Handler
                0x08000ae8                CAN2_RX1_IRQHandler
                0x08000ae8                EXTI3_IRQHandler
                0x08000ae8                TIM8_TRG_COM_TIM14_IRQHandler
                0x08000ae8                TIM1_UP_TIM10_IRQHandler
                0x08000ae8                TIM8_UP_TIM13_IRQHandler
                0x08000ae8                I2C3_ER_IRQHandler
                0x08000ae8                EXTI0_IRQHandler
                0x08000ae8                I2C2_EV_IRQHandler
                0x08000ae8                DMA1_Stream2_IRQHandler
                0x08000ae8                CAN1_RX0_IRQHandler
                0x08000ae8                FPU_IRQHandler
                0x08000ae8                OTG_HS_WKUP_IRQHandler
                0x08000ae8                UsageFault_Handler
                0x08000ae8                CAN2_SCE_IRQHandler
                0x08000ae8                DMA2_Stream2_IRQHandler
                0x08000ae8                SPI1_IRQHandler
                0x08000ae8                TIM6_DAC_IRQHandler
                0x08000ae8                TIM1_BRK_TIM9_IRQHandler
                0x08000ae8                DCMI_IRQHandler
                0x08000ae8                CAN2_RX0_IRQHandler
                0x08000ae8                DMA2_Stream3_IRQHandler
                0x08000ae8                USART6_IRQHandler
                0x08000ae8                USART3_IRQHandler
                0x08000ae8                CRYP_IRQHandler
                0x08000ae8                CAN1_RX1_IRQHandler
                0x08000ae8                UART5_IRQHandler
                0x08000ae8                DMA2_Stream0_IRQHandler
                0x08000ae8                TIM4_IRQHandler
                0x08000ae8                I2C1_EV_IRQHandler
                0x08000ae8                DMA1_Stream6_IRQHandler
                0x08000ae8                DMA1_Stream1_IRQHandler
                0x08000ae8                UART4_IRQHandler
                0x08000ae8                TIM3_IRQHandler
                0x08000ae8                RCC_IRQHandler
                0x08000ae8                TIM8_BRK_TIM12_IRQHandler
                0x08000ae8                EXTI15_10_IRQHandler
                0x08000ae8                ADC_IRQHandler
                0x08000ae8                DMA1_Stream7_IRQHandler
                0x08000ae8                TIM7_IRQHandler
                0x08000ae8                CAN2_TX_IRQHandler
                0x08000ae8                TIM5_IRQHandler
                0x08000ae8                DMA2_Stream7_IRQHandler
                0x08000ae8                I2C3_EV_IRQHandler
                0x08000ae8                EXTI9_5_IRQHandler
                0x08000ae8                RTC_WKUP_IRQHandler
                0x08000ae8                ETH_WKUP_IRQHandler
                0x08000ae8                SPI2_IRQHandler
                0x08000ae8                OTG_HS_EP1_IN_IRQHandler
                0x08000ae8                MemManage_Handler
                0x08000ae8                DMA1_Stream0_IRQHandler
                0x08000ae8                CAN1_TX_IRQHandler
                0x08000ae8                SVC_Handler
                0x08000ae8                EXTI4_IRQHandler
                0x08000ae8                FSMC_IRQHandler
                0x08000ae8                ETH_IRQHandler
                0x08000ae8                OTG_HS_EP1_OUT_IRQHandler
                0x08000ae8                WWDG_IRQHandler
                0x08000ae8                OTG_FS_WKUP_IRQHandler
                0x08000ae8                TIM1_TRG_COM_TIM11_IRQHandler
                0x08000ae8                OTG_HS_IRQHandler
                0x08000ae8                EXTI1_IRQHandler
                0x08000ae8                USART2_IRQHandler
                0x08000ae8                I2C2_ER_IRQHandler
                0x08000ae8                DMA2_Stream1_IRQHandler
                0x08000ae8                CAN1_SCE_IRQHandler
                0x08000ae8                FLASH_IRQHandler
                0x08000ae8                DMA2_Stream4_IRQHandler
                0x08000ae8                BusFault_Handler
                0x08000ae8                USART1_IRQHandler
                0x08000ae8                OTG_FS_IRQHandler
                0x08000ae8                SPI3_IRQHandler
                0x08000ae8                I2C1_ER_IRQHandler
                0x08000ae8                DMA2_Stream6_IRQHandler
                0x08000ae8                DMA1_Stream3_IRQHandler
 .text.Default_Reset_Handler
                0x08000aec       0x64 ..\obj\startup_stm32f4xx.o
                0x08000aec                Default_Reset_Handler
                0x08000aec                Reset_Handler
 .text.startup.main
                0x08000b50       0x4c ..\obj\main.o
                0x08000b50                main
 *fill*         0x08000b9c        0x4 
 .text.TIM2_IRQHandler
                0x08000ba0      0x190 ..\obj\main.o
                0x08000ba0                TIM2_IRQHandler
 .text.RCC_AHB1PeriphClockCmd
                0x08000d30       0x18 ..\obj\stm32f4xx_rcc.o
                0x08000d30                RCC_AHB1PeriphClockCmd
 .text.RCC_APB1PeriphClockCmd
                0x08000d48       0x18 ..\obj\stm32f4xx_rcc.o
                0x08000d48                RCC_APB1PeriphClockCmd
 .text.InitGpioD
                0x08000d60       0x38 ..\obj\init.o
                0x08000d60                InitGpioD
 .text.InitTimer
                0x08000d98       0x4c ..\obj\init.o
                0x08000d98                InitTimer
 .text.EnableTimerInterrupt
                0x08000de4       0x28 ..\obj\init.o
                0x08000de4                EnableTimerInterrupt
 .text.initMatrix
                0x08000e0c      0x110 ..\obj\init.o
                0x08000e0c                initMatrix
 .text.GPIO_Init
                0x08000f1c       0xbc ..\obj\stm32f4xx_gpio.o
                0x08000f1c                GPIO_Init
 .text.GPIO_PinAFConfig
                0x08000fd8       0x28 ..\obj\stm32f4xx_gpio.o
                0x08000fd8                GPIO_PinAFConfig
 .text.SystemInit
                0x08001000      0x100 ..\obj\system_stm32f4xx.o
                0x08001000                SystemInit
 .text.DMA_DeInit
                0x08001100      0x130 ..\obj\stm32f4xx_dma.o
                0x08001100                DMA_DeInit
 .text.DMA_Init
                0x08001230       0x70 ..\obj\stm32f4xx_dma.o
                0x08001230                DMA_Init
 .text.DMA_Cmd  0x080012a0       0x14 ..\obj\stm32f4xx_dma.o
                0x080012a0                DMA_Cmd
 .text.DMA_ITConfig
                0x080012b4       0x40 ..\obj\stm32f4xx_dma.o
                0x080012b4                DMA_ITConfig
 .text.DMA_GetITStatus
                0x080012f4       0x54 ..\obj\stm32f4xx_dma.o
                0x080012f4                DMA_GetITStatus
 .text.DMA_ClearITPendingBit
                0x08001348       0x34 ..\obj\stm32f4xx_dma.o
                0x08001348                DMA_ClearITPendingBit
 .text.NVIC_Init
                0x0800137c       0x78 ..\obj\misc.o
                0x0800137c                NVIC_Init
 .text.TIM_TimeBaseInit
                0x080013f4       0x9c ..\obj\stm32f4xx_tim.o
                0x080013f4                TIM_TimeBaseInit
 .text.TIM_ARRPreloadConfig
                0x08001490       0x1c ..\obj\stm32f4xx_tim.o
                0x08001490                TIM_ARRPreloadConfig
 .text.TIM_Cmd  0x080014ac       0x1c ..\obj\stm32f4xx_tim.o
                0x080014ac                TIM_Cmd
 .text.TIM_OC1Init
                0x080014c8       0x80 ..\obj\stm32f4xx_tim.o
                0x080014c8                TIM_OC1Init
 .text.TIM_OCStructInit
                0x08001548       0x14 ..\obj\stm32f4xx_tim.o
                0x08001548                TIM_OCStructInit
 .text.TIM_OC1PreloadConfig
                0x0800155c       0x10 ..\obj\stm32f4xx_tim.o
                0x0800155c                TIM_OC1PreloadConfig
 .text.TIM_ITConfig
                0x0800156c       0x14 ..\obj\stm32f4xx_tim.o
                0x0800156c                TIM_ITConfig
 .text.TIM_GetITStatus
                0x08001580       0x18 ..\obj\stm32f4xx_tim.o
                0x08001580                TIM_GetITStatus
 .text.TIM_ClearITPendingBit
                0x08001598        0x8 ..\obj\stm32f4xx_tim.o
                0x08001598                TIM_ClearITPendingBit
 .text.TIM_DMACmd
                0x080015a0       0x14 ..\obj\stm32f4xx_tim.o
                0x080015a0                TIM_DMACmd
 .text          0x080015b4      0x370 c:/program files/coide/gcc-arm-none-eabi-4.8/bin/../lib/gcc/arm-none-eabi/4.8.4/armv7e-m/fpu\libgcc.a(_arm_addsubdf3.o)
                0x080015b4                __aeabi_drsub
                0x080015bc                __aeabi_dsub
                0x080015bc                __subdf3
                0x080015c0                __aeabi_dadd
                0x080015c0                __adddf3
                0x08001838                __floatunsidf
                0x08001838                __aeabi_ui2d
                0x08001858                __floatsidf
                0x08001858                __aeabi_i2d
                0x0800187c                __aeabi_f2d
                0x0800187c                __extendsfdf2
                0x080018b8                __floatundidf
                0x080018b8                __aeabi_ul2d
                0x080018c8                __floatdidf
                0x080018c8                __aeabi_l2d
 .text          0x08001924       0xa0 c:/program files/coide/gcc-arm-none-eabi-4.8/bin/../lib/gcc/arm-none-eabi/4.8.4/armv7e-m/fpu\libgcc.a(_arm_truncdfsf2.o)
                0x08001924                __truncdfsf2
                0x08001924                __aeabi_d2f
 *(.init)
 *(.fini)
 *crtbegin.o(.ctors)
 *crtbegin?.o(.ctors)
 *(EXCLUDE_FILE(*crtend.o *crtend?.o) .ctors)
 *(SORT(.ctors.*))
 *(.ctors)
 *crtbegin.o(.dtors)
 *crtbegin?.o(.dtors)
 *(EXCLUDE_FILE(*crtend.o *crtend?.o) .dtors)
 *(SORT(.dtors.*))
 *(.dtors)
 *(.rodata*)
 *(.eh_fram e*)

.glue_7         0x080019c4        0x0
 .glue_7        0x00000000        0x0 linker stubs

.glue_7t        0x080019c4        0x0
 .glue_7t       0x00000000        0x0 linker stubs

.vfp11_veneer   0x080019c4        0x0
 .vfp11_veneer  0x00000000        0x0 linker stubs

.v4_bx          0x080019c4        0x0
 .v4_bx         0x00000000        0x0 linker stubs

.iplt           0x080019c4        0x0
 .iplt          0x00000000        0x0 ..\obj\stm32f4xx_syscfg.o

.rel.dyn        0x080019c4        0x0
 .rel.iplt      0x00000000        0x0 ..\obj\stm32f4xx_syscfg.o

.ARM.extab
 *(.ARM.extab* .gnu.linkonce.armextab.*)
                0x080019c4                __exidx_start = .

.ARM.exidx
 *(.ARM.exidx* .gnu.linkonce.armexidx.*)
                0x080019c4                __exidx_end = .
                0x080019c4                __etext = .
                0x080019c4                _sidata = __etext

.data           0x20000000       0x18 load address 0x080019c4
                0x20000000                __data_start__ = .
                0x20000000                _sdata = __data_start__
 *(vtable)
 *(.data*)
 .data          0x20000000       0x10 ..\obj\sand.o
                0x20000000                rand_x
                0x20000004                rand_y
                0x20000008                rand_z
                0x2000000c                rand_w
 .data          0x20000010        0x8 ..\obj\main.o
                0x20000010                ratio
                0x20000014                filter
                0x20000018                . = ALIGN (0x4)
                0x20000018                PROVIDE (__preinit_array_start, .)
 *(.preinit_array)
                0x20000018                PROVIDE (__preinit_array_end, .)
                0x20000018                . = ALIGN (0x4)
                0x20000018                PROVIDE (__init_array_start, .)
 *(SORT(.init_array.*))
 *(.init_array)
                0x20000018                PROVIDE (__init_array_end, .)
                0x20000018                . = ALIGN (0x4)
                0x20000018                PROVIDE (__fini_array_start, .)
 *(SORT(.fini_array.*))
 *(.fini_array)
                0x20000018                PROVIDE (__fini_array_end, .)
 *(.jcr*)
                0x20000018                . = ALIGN (0x4)
                0x20000018                __data_end__ = .
                0x20000018                _edata = __data_end__

.igot.plt       0x20000018        0x0 load address 0x080019dc
 .igot.plt      0x00000000        0x0 ..\obj\stm32f4xx_syscfg.o

.bss            0x20000018     0x6230 load address 0x080019dc
                0x20000018                . = ALIGN (0x4)
                0x20000018                __bss_start__ = .
                0x20000018                _sbss = __bss_start__
 *(.bss*)
 .bss           0x20000018        0x8 ..\obj\sand.o
                0x20000018                sandCount0
                0x2000001c                sandCount1
 .bss           0x20000020        0xc ..\obj\main.o
                0x20000020                state
                0x20000024                angle
                0x20000028                anim_count
 *(COMMON)
 COMMON         0x2000002c     0x1a18 ..\obj\ws2812.o
                0x2000002c                WS2812_LED_BUF
                0x200001b0                ws2812_dma_status
                0x200001b4                WS2812_TIMER_BUF
 COMMON         0x20001a44     0x4804 ..\obj\main.o
                0x20001a44                sandCol
                0x20001a48                calcMatrix
                0x20006248                . = ALIGN (0x4)
                0x20006248                __bss_end__ = .
                0x20006248                _ebss = __bss_end__

.heap           0x20006248        0x0
                0x20006248                __end__ = .
                0x20006248                _end = __end__
                0x20006248                end = __end__
 *(.heap*)
                0x20006248                __HeapLimit = .

.co_stack       0x20006248      0x800 load address 0x08007c0c
                0x20006248                . = ALIGN (0x8)
 *(.co_stack .co_stack.*)
 .co_stack      0x20006248      0x800 ..\obj\startup_stm32f4xx.o
                0x20006248                pulStack
                0x20020000                __StackTop = (ORIGIN (ram) + 0x20000)
                0x2001f800                __StackLimit = (__StackTop - SIZEOF (.co_stack))
                0x20020000                PROVIDE (__stack, __StackTop)
                0x00000001                ASSERT ((__StackLimit >= __HeapLimit), region ram  overflowed with stack)
LOAD ..\obj\stm32f4xx_syscfg.o
LOAD ..\obj\ws2812.o
LOAD ..\obj\sand.o
LOAD ..\obj\stm32f4xx_pwr.o
LOAD ..\obj\startup_stm32f4xx.o
LOAD ..\obj\main.o
LOAD ..\obj\stm32f4xx_rcc.o
LOAD ..\obj\init.o
LOAD ..\obj\stm32f4xx_gpio.o
LOAD ..\obj\system_stm32f4xx.o
LOAD ..\obj\syscalls.o
LOAD ..\obj\stm32f4xx_dma.o
LOAD ..\obj\stm32f4xx_exti.o
LOAD ..\obj\misc.o
LOAD ..\obj\stm32f4xx_rtc.o
LOAD ..\obj\stm32f4xx_tim.o
START GROUP
LOAD c:/program files/coide/gcc-arm-none-eabi-4.8/bin/../lib/gcc/arm-none-eabi/4.8.4/armv7e-m/fpu\libgcc.a
LOAD c:/program files/coide/gcc-arm-none-eabi-4.8/bin/../lib/gcc/arm-none-eabi/4.8.4/../../../../arm-none-eabi/lib/armv7e-m/fpu\libg.a
LOAD c:/program files/coide/gcc-arm-none-eabi-4.8/bin/../lib/gcc/arm-none-eabi/4.8.4/../../../../arm-none-eabi/lib/armv7e-m/fpu\libc.a
END GROUP
OUTPUT(uhrDesSandes.elf elf32-littlearm)

.debug_info     0x00000000     0x74c0
 .debug_info    0x00000000      0xf9d ..\obj\ws2812.o
 .debug_info    0x00000f9d      0x7dd ..\obj\sand.o
 .debug_info    0x0000177a      0x10a ..\obj\startup_stm32f4xx.o
 .debug_info    0x00001884      0x655 ..\obj\main.o
 .debug_info    0x00001ed9      0xcfe ..\obj\stm32f4xx_rcc.o
 .debug_info    0x00002bd7      0xa0f ..\obj\init.o
 .debug_info    0x000035e6      0x7d6 ..\obj\stm32f4xx_gpio.o
 .debug_info    0x00003dbc      0x5b3 ..\obj\system_stm32f4xx.o
 .debug_info    0x0000436f      0x73b ..\obj\stm32f4xx_dma.o
 .debug_info    0x00004aaa      0x543 ..\obj\misc.o
 .debug_info    0x00004fed     0x24d3 ..\obj\stm32f4xx_tim.o

.debug_abbrev   0x00000000     0x144f
 .debug_abbrev  0x00000000      0x266 ..\obj\ws2812.o
 .debug_abbrev  0x00000266      0x249 ..\obj\sand.o
 .debug_abbrev  0x000004af       0xdc ..\obj\startup_stm32f4xx.o
 .debug_abbrev  0x0000058b      0x1ea ..\obj\main.o
 .debug_abbrev  0x00000775      0x27e ..\obj\stm32f4xx_rcc.o
 .debug_abbrev  0x000009f3      0x1b3 ..\obj\init.o
 .debug_abbrev  0x00000ba6      0x1f6 ..\obj\stm32f4xx_gpio.o
 .debug_abbrev  0x00000d9c      0x15d ..\obj\system_stm32f4xx.o
 .debug_abbrev  0x00000ef9      0x173 ..\obj\stm32f4xx_dma.o
 .debug_abbrev  0x0000106c      0x154 ..\obj\misc.o
 .debug_abbrev  0x000011c0      0x28f ..\obj\stm32f4xx_tim.o

.debug_loc      0x00000000     0x4343
 .debug_loc     0x00000000      0x106 ..\obj\ws2812.o
 .debug_loc     0x00000106      0xa09 ..\obj\sand.o
 .debug_loc     0x00000b0f       0x22 ..\obj\startup_stm32f4xx.o
 .debug_loc     0x00000b31       0x14 ..\obj\main.o
 .debug_loc     0x00000b45      0xb63 ..\obj\stm32f4xx_rcc.o
 .debug_loc     0x000016a8      0x13d ..\obj\init.o
 .debug_loc     0x000017e5      0x386 ..\obj\stm32f4xx_gpio.o
 .debug_loc     0x00001b6b      0x144 ..\obj\system_stm32f4xx.o
 .debug_loc     0x00001caf      0x4b6 ..\obj\stm32f4xx_dma.o
 .debug_loc     0x00002165      0x15d ..\obj\misc.o
 .debug_loc     0x000022c2     0x2081 ..\obj\stm32f4xx_tim.o

.debug_aranges  0x00000000      0x750
 .debug_aranges
                0x00000000       0x68 ..\obj\ws2812.o
 .debug_aranges
                0x00000068       0x70 ..\obj\sand.o
 .debug_aranges
                0x000000d8       0x28 ..\obj\startup_stm32f4xx.o
 .debug_aranges
                0x00000100       0x28 ..\obj\main.o
 .debug_aranges
                0x00000128      0x178 ..\obj\stm32f4xx_rcc.o
 .debug_aranges
                0x000002a0       0x38 ..\obj\init.o
 .debug_aranges
                0x000002d8       0x88 ..\obj\stm32f4xx_gpio.o
 .debug_aranges
                0x00000360       0x28 ..\obj\system_stm32f4xx.o
 .debug_aranges
                0x00000388       0xb0 ..\obj\stm32f4xx_dma.o
 .debug_aranges
                0x00000438       0x40 ..\obj\misc.o
 .debug_aranges
                0x00000478      0x2d8 ..\obj\stm32f4xx_tim.o

.debug_ranges   0x00000000      0x7f8
 .debug_ranges  0x00000000       0x58 ..\obj\ws2812.o
 .debug_ranges  0x00000058      0x108 ..\obj\sand.o
 .debug_ranges  0x00000160       0x18 ..\obj\startup_stm32f4xx.o
 .debug_ranges  0x00000178       0x18 ..\obj\main.o
 .debug_ranges  0x00000190      0x180 ..\obj\stm32f4xx_rcc.o
 .debug_ranges  0x00000310       0x28 ..\obj\init.o
 .debug_ranges  0x00000338       0x78 ..\obj\stm32f4xx_gpio.o
 .debug_ranges  0x000003b0       0x30 ..\obj\system_stm32f4xx.o
 .debug_ranges  0x000003e0       0xa0 ..\obj\stm32f4xx_dma.o
 .debug_ranges  0x00000480       0x30 ..\obj\misc.o
 .debug_ranges  0x000004b0      0x348 ..\obj\stm32f4xx_tim.o

.debug_line     0x00000000     0x2f48
 .debug_line    0x00000000      0x426 ..\obj\ws2812.o
 .debug_line    0x00000426      0x42a ..\obj\sand.o
 .debug_line    0x00000850       0xac ..\obj\startup_stm32f4xx.o
 .debug_line    0x000008fc      0x2ec ..\obj\main.o
 .debug_line    0x00000be8      0x5e8 ..\obj\stm32f4xx_rcc.o
 .debug_line    0x000011d0      0x3ac ..\obj\init.o
 .debug_line    0x0000157c      0x3d9 ..\obj\stm32f4xx_gpio.o
 .debug_line    0x00001955      0x205 ..\obj\system_stm32f4xx.o
 .debug_line    0x00001b5a      0x496 ..\obj\stm32f4xx_dma.o
 .debug_line    0x00001ff0      0x29b ..\obj\misc.o
 .debug_line    0x0000228b      0xcbd ..\obj\stm32f4xx_tim.o

.debug_str      0x00000000     0x2820
 .debug_str     0x00000000      0xdda ..\obj\ws2812.o
                                0xe44 (size before relaxing)
 .debug_str     0x00000dda      0x248 ..\obj\sand.o
                                0x3dc (size before relaxing)
 .debug_str     0x00001022       0xc5 ..\obj\startup_stm32f4xx.o
                                0x17f (size before relaxing)
 .debug_str     0x000010e7       0xd1 ..\obj\main.o
                                0x3f8 (size before relaxing)
 .debug_str     0x000011b8      0x631 ..\obj\stm32f4xx_rcc.o
                                0x883 (size before relaxing)
 .debug_str     0x000017e9       0x83 ..\obj\init.o
                                0xb1f (size before relaxing)
 .debug_str     0x0000186c      0x198 ..\obj\stm32f4xx_gpio.o
                                0x4fd (size before relaxing)
 .debug_str     0x00001a04      0x11d ..\obj\system_stm32f4xx.o
                                0x3dd (size before relaxing)
 .debug_str     0x00001b21      0x22f ..\obj\stm32f4xx_dma.o
                                0x575 (size before relaxing)
 .debug_str     0x00001d50      0x160 ..\obj\misc.o
                                0x401 (size before relaxing)
 .debug_str     0x00001eb0      0x970 ..\obj\stm32f4xx_tim.o
                                0xe31 (size before relaxing)

.comment        0x00000000       0x70
 .comment       0x00000000       0x70 ..\obj\ws2812.o
                                 0x71 (size before relaxing)
 .comment       0x00000000       0x71 ..\obj\sand.o
 .comment       0x00000000       0x71 ..\obj\startup_stm32f4xx.o
 .comment       0x00000000       0x71 ..\obj\main.o
 .comment       0x00000000       0x71 ..\obj\stm32f4xx_rcc.o
 .comment       0x00000000       0x71 ..\obj\init.o
 .comment       0x00000000       0x71 ..\obj\stm32f4xx_gpio.o
 .comment       0x00000000       0x71 ..\obj\system_stm32f4xx.o
 .comment       0x00000000       0x71 ..\obj\stm32f4xx_dma.o
 .comment       0x00000000       0x71 ..\obj\misc.o
 .comment       0x00000000       0x71 ..\obj\stm32f4xx_tim.o

.ARM.attributes
                0x00000000       0x39
 .ARM.attributes
                0x00000000       0x39 ..\obj\ws2812.o
 .ARM.attributes
                0x00000039       0x39 ..\obj\sand.o
 .ARM.attributes
                0x00000072       0x39 ..\obj\startup_stm32f4xx.o
 .ARM.attributes
                0x000000ab       0x39 ..\obj\main.o
 .ARM.attributes
                0x000000e4       0x39 ..\obj\stm32f4xx_rcc.o
 .ARM.attributes
                0x0000011d       0x39 ..\obj\init.o
 .ARM.attributes
                0x00000156       0x39 ..\obj\stm32f4xx_gpio.o
 .ARM.attributes
                0x0000018f       0x39 ..\obj\system_stm32f4xx.o
 .ARM.attributes
                0x000001c8       0x39 ..\obj\stm32f4xx_dma.o
 .ARM.attributes
                0x00000201       0x39 ..\obj\misc.o
 .ARM.attributes
                0x0000023a       0x39 ..\obj\stm32f4xx_tim.o
 .ARM.attributes
                0x00000273       0x22 c:/program files/coide/gcc-arm-none-eabi-4.8/bin/../lib/gcc/arm-none-eabi/4.8.4/armv7e-m/fpu\libgcc.a(_arm_addsubdf3.o)
 .ARM.attributes
                0x00000295       0x22 c:/program files/coide/gcc-arm-none-eabi-4.8/bin/../lib/gcc/arm-none-eabi/4.8.4/armv7e-m/fpu\libgcc.a(_arm_truncdfsf2.o)

.debug_frame    0x00000000      0xfac
 .debug_frame   0x00000000      0x120 ..\obj\ws2812.o
 .debug_frame   0x00000120      0x130 ..\obj\sand.o
 .debug_frame   0x00000250       0x38 ..\obj\startup_stm32f4xx.o
 .debug_frame   0x00000288       0x44 ..\obj\main.o
 .debug_frame   0x000002cc      0x2e4 ..\obj\stm32f4xx_rcc.o
 .debug_frame   0x000005b0       0x88 ..\obj\init.o
 .debug_frame   0x00000638      0x118 ..\obj\stm32f4xx_gpio.o
 .debug_frame   0x00000750       0x34 ..\obj\system_stm32f4xx.o
 .debug_frame   0x00000784      0x180 ..\obj\stm32f4xx_dma.o
 .debug_frame   0x00000904       0x6c ..\obj\misc.o
 .debug_frame   0x00000970      0x63c ..\obj\stm32f4xx_tim.o
